Archive member included to satisfy reference by file (symbol)

e:/program/truestudio for arm 6.0.0/armtools/bin/../lib/gcc/arm-atollic-eabi/5.3.1/../../../../arm-atollic-eabi/lib/armv7-m\libc.a(lib_a-init.o)
                              Drivers\CMSIS\Device\ST\STM32F1xx\Source\Templates\gcc\startup_stm32f101xb.o (__libc_init_array)
e:/program/truestudio for arm 6.0.0/armtools/bin/../lib/gcc/arm-atollic-eabi/5.3.1/../../../../arm-atollic-eabi/lib/armv7-m\libc.a(lib_a-memcpy-stub.o)
                              Middlewares\Third_Party\FreeRTOS\Source\queue.o (memcpy)
e:/program/truestudio for arm 6.0.0/armtools/bin/../lib/gcc/arm-atollic-eabi/5.3.1/../../../../arm-atollic-eabi/lib/armv7-m\libc.a(lib_a-memset.o)
                              Drivers\STM32F1xx_HAL_Driver\Src\stm32f1xx_hal_rcc.o (memset)
e:/program/truestudio for arm 6.0.0/armtools/bin/../lib/gcc/arm-atollic-eabi/5.3.1/../../../../arm-atollic-eabi/lib/armv7-m\libc.a(lib_a-reent.o)
                              Src\syscalls.o (errno)
e:/program/truestudio for arm 6.0.0/armtools/bin/../lib/gcc/arm-atollic-eabi/5.3.1/../../../../arm-atollic-eabi/lib/armv7-m\libc.a(lib_a-strlen.o)
                              Src\tiny_printf.o (strlen)
e:/program/truestudio for arm 6.0.0/armtools/bin/../lib/gcc/arm-atollic-eabi/5.3.1/../../../../arm-atollic-eabi/lib/armv7-m\libc.a(lib_a-freer.o)
                              e:/program/truestudio for arm 6.0.0/armtools/bin/../lib/gcc/arm-atollic-eabi/5.3.1/../../../../arm-atollic-eabi/lib/armv7-m\libc.a(lib_a-reent.o) (_free_r)
e:/program/truestudio for arm 6.0.0/armtools/bin/../lib/gcc/arm-atollic-eabi/5.3.1/../../../../arm-atollic-eabi/lib/armv7-m\libc.a(lib_a-impure.o)
                              e:/program/truestudio for arm 6.0.0/armtools/bin/../lib/gcc/arm-atollic-eabi/5.3.1/../../../../arm-atollic-eabi/lib/armv7-m\libc.a(lib_a-reent.o) (_impure_ptr)
e:/program/truestudio for arm 6.0.0/armtools/bin/../lib/gcc/arm-atollic-eabi/5.3.1/../../../../arm-atollic-eabi/lib/armv7-m\libc.a(lib_a-mallocr.o)
                              e:/program/truestudio for arm 6.0.0/armtools/bin/../lib/gcc/arm-atollic-eabi/5.3.1/../../../../arm-atollic-eabi/lib/armv7-m\libc.a(lib_a-freer.o) (__malloc_current_mallinfo)
e:/program/truestudio for arm 6.0.0/armtools/bin/../lib/gcc/arm-atollic-eabi/5.3.1/../../../../arm-atollic-eabi/lib/armv7-m\libc.a(lib_a-mlock.o)
                              e:/program/truestudio for arm 6.0.0/armtools/bin/../lib/gcc/arm-atollic-eabi/5.3.1/../../../../arm-atollic-eabi/lib/armv7-m\libc.a(lib_a-freer.o) (__malloc_lock)
e:/program/truestudio for arm 6.0.0/armtools/bin/../lib/gcc/arm-atollic-eabi/5.3.1/../../../../arm-atollic-eabi/lib/armv7-m\libc.a(lib_a-sbrkr.o)
                              e:/program/truestudio for arm 6.0.0/armtools/bin/../lib/gcc/arm-atollic-eabi/5.3.1/../../../../arm-atollic-eabi/lib/armv7-m\libc.a(lib_a-freer.o) (_sbrk_r)
e:/program/truestudio for arm 6.0.0/armtools/bin/../lib/gcc/arm-atollic-eabi/5.3.1/armv7-m\libgcc.a(_lshrdi3.o)
                              Drivers\STM32F1xx_HAL_Driver\Src\stm32f1xx_hal_flash.o (__aeabi_llsr)

Allocating common symbols
Common symbol       size              file

defaultTaskHandle   0x4               Src\main.o
uartRxQueueHandle   0x4               Src\main.o
errno               0x4               e:/program/truestudio for arm 6.0.0/armtools/bin/../lib/gcc/arm-atollic-eabi/5.3.1/../../../../arm-atollic-eabi/lib/armv7-m\libc.a(lib_a-reent.o)
hiwdg               0x10              Src\main.o
xQueueRegistry      0x40              Middlewares\Third_Party\FreeRTOS\Source\queue.o
pFlash              0x20              Drivers\STM32F1xx_HAL_Driver\Src\stm32f1xx_hal_flash.o
hadc1               0x30              Src\main.o
huart1              0x40              Src\main.o
myBinarySem01Handle
                    0x4               Src\main.o

Discarded input sections

 .text          0x00000000        0x0 e:/program/truestudio for arm 6.0.0/armtools/bin/../lib/gcc/arm-atollic-eabi/5.3.1/armv7-m/crti.o
 .data          0x00000000        0x0 e:/program/truestudio for arm 6.0.0/armtools/bin/../lib/gcc/arm-atollic-eabi/5.3.1/armv7-m/crti.o
 .bss           0x00000000        0x0 e:/program/truestudio for arm 6.0.0/armtools/bin/../lib/gcc/arm-atollic-eabi/5.3.1/armv7-m/crti.o
 .data          0x00000000        0x4 e:/program/truestudio for arm 6.0.0/armtools/bin/../lib/gcc/arm-atollic-eabi/5.3.1/armv7-m/crtbegin.o
 .text          0x00000000       0x14 Drivers\CMSIS\Device\ST\STM32F1xx\Source\Templates\gcc\startup_stm32f101xb.o
 .data          0x00000000        0x0 Drivers\CMSIS\Device\ST\STM32F1xx\Source\Templates\gcc\startup_stm32f101xb.o
 .bss           0x00000000        0x0 Drivers\CMSIS\Device\ST\STM32F1xx\Source\Templates\gcc\startup_stm32f101xb.o
 .text          0x00000000        0x0 Drivers\CMSIS\Device\ST\STM32F1xx\Source\Templates\system_stm32f1xx.o
[...]
Memory Configuration

Name             Origin             Length             Attributes
RAM              0x20000000         0x00002800         xrw
FLASH            0x08000000         0x00010000         xr
*default*        0x00000000         0xffffffff

Linker script and memory map

LOAD e:/program/truestudio for arm 6.0.0/armtools/bin/../lib/gcc/arm-atollic-eabi/5.3.1/armv7-m/crti.o
LOAD e:/program/truestudio for arm 6.0.0/armtools/bin/../lib/gcc/arm-atollic-eabi/5.3.1/armv7-m/crtbegin.o
LOAD Drivers\CMSIS\Device\ST\STM32F1xx\Source\Templates\gcc\startup_stm32f101xb.o
LOAD Drivers\CMSIS\Device\ST\STM32F1xx\Source\Templates\system_stm32f1xx.o
LOAD Drivers\STM32F1xx_HAL_Driver\Src\stm32f1xx_hal.o
LOAD Drivers\STM32F1xx_HAL_Driver\Src\stm32f1xx_hal_adc.o
LOAD Drivers\STM32F1xx_HAL_Driver\Src\stm32f1xx_hal_adc_ex.o
LOAD Drivers\STM32F1xx_HAL_Driver\Src\stm32f1xx_hal_cortex.o
LOAD Drivers\STM32F1xx_HAL_Driver\Src\stm32f1xx_hal_dma.o
LOAD Drivers\STM32F1xx_HAL_Driver\Src\stm32f1xx_hal_flash.o
LOAD Drivers\STM32F1xx_HAL_Driver\Src\stm32f1xx_hal_flash_ex.o
LOAD Drivers\STM32F1xx_HAL_Driver\Src\stm32f1xx_hal_gpio.o
LOAD Drivers\STM32F1xx_HAL_Driver\Src\stm32f1xx_hal_gpio_ex.o
LOAD Drivers\STM32F1xx_HAL_Driver\Src\stm32f1xx_hal_iwdg.o
LOAD Drivers\STM32F1xx_HAL_Driver\Src\stm32f1xx_hal_pwr.o
LOAD Drivers\STM32F1xx_HAL_Driver\Src\stm32f1xx_hal_rcc.o
LOAD Drivers\STM32F1xx_HAL_Driver\Src\stm32f1xx_hal_rcc_ex.o
LOAD Drivers\STM32F1xx_HAL_Driver\Src\stm32f1xx_hal_tim.o
LOAD Drivers\STM32F1xx_HAL_Driver\Src\stm32f1xx_hal_tim_ex.o
LOAD Drivers\STM32F1xx_HAL_Driver\Src\stm32f1xx_hal_uart.o
LOAD Middlewares\Third_Party\FreeRTOS\Source\CMSIS_RTOS\cmsis_os.o
LOAD Middlewares\Third_Party\FreeRTOS\Source\croutine.o
LOAD Middlewares\Third_Party\FreeRTOS\Source\event_groups.o
LOAD Middlewares\Third_Party\FreeRTOS\Source\list.o
LOAD Middlewares\Third_Party\FreeRTOS\Source\portable\GCC\ARM_CM3\port.o
LOAD Middlewares\Third_Party\FreeRTOS\Source\portable\MemMang\heap_4.o
LOAD Middlewares\Third_Party\FreeRTOS\Source\queue.o
LOAD Middlewares\Third_Party\FreeRTOS\Source\tasks.o
LOAD Middlewares\Third_Party\FreeRTOS\Source\timers.o
LOAD Src\freertos.o
LOAD Src\main.o
LOAD Src\stm32f1xx_hal_msp.o
LOAD Src\stm32f1xx_it.o
LOAD Src\syscalls.o
LOAD Src\tiny_printf.o
START GROUP
LOAD e:/program/truestudio for arm 6.0.0/armtools/bin/../lib/gcc/arm-atollic-eabi/5.3.1/../../../../arm-atollic-eabi/lib/armv7-m\libc.a
LOAD e:/program/truestudio for arm 6.0.0/armtools/bin/../lib/gcc/arm-atollic-eabi/5.3.1/../../../../arm-atollic-eabi/lib/armv7-m\libm.a
END GROUP
                0x00000080                malloc_getpagesize_P = 0x80
START GROUP
LOAD e:/program/truestudio for arm 6.0.0/armtools/bin/../lib/gcc/arm-atollic-eabi/5.3.1/armv7-m\libgcc.a
LOAD e:/program/truestudio for arm 6.0.0/armtools/bin/../lib/gcc/arm-atollic-eabi/5.3.1/../../../../arm-atollic-eabi/lib/armv7-m\libc.a
END GROUP
START GROUP
LOAD e:/program/truestudio for arm 6.0.0/armtools/bin/../lib/gcc/arm-atollic-eabi/5.3.1/armv7-m\libgcc.a
LOAD e:/program/truestudio for arm 6.0.0/armtools/bin/../lib/gcc/arm-atollic-eabi/5.3.1/../../../../arm-atollic-eabi/lib/armv7-m\libc.a
LOAD e:/program/truestudio for arm 6.0.0/armtools/bin/../lib/gcc/arm-atollic-eabi/5.3.1/../../../../arm-atollic-eabi/lib/armv7-m\libnosys.a
END GROUP
LOAD e:/program/truestudio for arm 6.0.0/armtools/bin/../lib/gcc/arm-atollic-eabi/5.3.1/armv7-m/crtend.o
LOAD e:/program/truestudio for arm 6.0.0/armtools/bin/../lib/gcc/arm-atollic-eabi/5.3.1/armv7-m/crtn.o
                0x20002800                _estack = 0x20002800
                0x00000200                _Min_Heap_Size = 0x200
                0x00000400                _Min_Stack_Size = 0x400

.isr_vector     0x08000000      0x10c
                0x08000000                . = ALIGN (0x4)
 *(.isr_vector)
 .isr_vector    0x08000000      0x10c Drivers\CMSIS\Device\ST\STM32F1xx\Source\Templates\gcc\startup_stm32f101xb.o
                0x08000000                g_pfnVectors
                0x0800010c                . = ALIGN (0x4)

.text           0x0800010c     0x2df8
                0x0800010c                . = ALIGN (0x4)
 *(.text)
 .text          0x0800010c       0x40 e:/program/truestudio for arm 6.0.0/armtools/bin/../lib/gcc/arm-atollic-eabi/5.3.1/armv7-m/crtbegin.o
 .text          0x0800014c       0x10 e:/program/truestudio for arm 6.0.0/armtools/bin/../lib/gcc/arm-atollic-eabi/5.3.1/../../../../arm-atollic-eabi/lib/armv7-m\libc.a(lib_a-strlen.o)
                0x0800014c                strlen
 *(.text*)
 .text.Reset_Handler
                0x0800015c       0x48 Drivers\CMSIS\Device\ST\STM32F1xx\Source\Templates\gcc\startup_stm32f101xb.o
                0x0800015c                Reset_Handler
 .text.Default_Handler
                0x080001a4        0x2 Drivers\CMSIS\Device\ST\STM32F1xx\Source\Templates\gcc\startup_stm32f101xb.o
                0x080001a4                RTC_Alarm_IRQHandler
                0x080001a4                EXTI2_IRQHandler
                0x080001a4                PVD_IRQHandler
                0x080001a4                EXTI3_IRQHandler
                0x080001a4                EXTI0_IRQHandler
                0x080001a4                I2C2_EV_IRQHandler
                0x080001a4                SPI1_IRQHandler
                0x080001a4                TAMPER_IRQHandler
                0x080001a4                DMA1_Channel4_IRQHandler
                0x080001a4                ADC1_IRQHandler
                0x080001a4                USART3_IRQHandler
                0x080001a4                RTC_IRQHandler
                0x080001a4                DMA1_Channel7_IRQHandler
                0x080001a4                TIM4_IRQHandler
                0x080001a4                I2C1_EV_IRQHandler
                0x080001a4                DMA1_Channel6_IRQHandler
                0x080001a4                TIM3_IRQHandler
                0x080001a4                RCC_IRQHandler
                0x080001a4                DMA1_Channel1_IRQHandler
                0x080001a4                Default_Handler
                0x080001a4                EXTI15_10_IRQHandler
                0x080001a4                EXTI9_5_IRQHandler
                0x080001a4                SPI2_IRQHandler
                0x080001a4                DMA1_Channel5_IRQHandler
                0x080001a4                EXTI4_IRQHandler
                0x080001a4                DMA1_Channel3_IRQHandler
                0x080001a4                WWDG_IRQHandler
                0x080001a4                TIM2_IRQHandler
                0x080001a4                EXTI1_IRQHandler
                0x080001a4                USART2_IRQHandler
                0x080001a4                I2C2_ER_IRQHandler
                0x080001a4                DMA1_Channel2_IRQHandler
                0x080001a4                FLASH_IRQHandler
                0x080001a4                I2C1_ER_IRQHandler
 *fill*         0x080001a6        0x2 
 .text.SystemInit
                0x080001a8       0x4c Drivers\CMSIS\Device\ST\STM32F1xx\Source\Templates\system_stm32f1xx.o
                0x080001a8                SystemInit
 .text.HAL_InitTick
                0x080001f4       0x24 Drivers\STM32F1xx_HAL_Driver\Src\stm32f1xx_hal.o
                0x080001f4                HAL_InitTick
 .text.HAL_Init
                0x08000218       0x24 Drivers\STM32F1xx_HAL_Driver\Src\stm32f1xx_hal.o
                0x08000218                HAL_Init
 .text.HAL_IncTick
                0x0800023c       0x10 Drivers\STM32F1xx_HAL_Driver\Src\stm32f1xx_hal.o
                0x0800023c                HAL_IncTick
 .text.HAL_GetTick
                0x0800024c        0xc Drivers\STM32F1xx_HAL_Driver\Src\stm32f1xx_hal.o
                0x0800024c                HAL_GetTick
 .text.HAL_Delay
                0x08000258       0x1a Drivers\STM32F1xx_HAL_Driver\Src\stm32f1xx_hal.o
                0x08000258                HAL_Delay
 *fill*         0x08000272        0x2 
 .text.HAL_ADC_ConfigChannel
                0x08000274      0x180 Drivers\STM32F1xx_HAL_Driver\Src\stm32f1xx_hal_adc.o
                0x08000274                HAL_ADC_ConfigChannel
 .text.ADC_ConversionStop_Disable
                0x080003f4       0x44 Drivers\STM32F1xx_HAL_Driver\Src\stm32f1xx_hal_adc.o
                0x080003f4                ADC_ConversionStop_Disable
 .text.HAL_ADC_Init
                0x08000438      0x128 Drivers\STM32F1xx_HAL_Driver\Src\stm32f1xx_hal_adc.o
                0x08000438                HAL_ADC_Init
 .text.HAL_NVIC_SetPriorityGrouping
                0x08000560       0x24 Drivers\STM32F1xx_HAL_Driver\Src\stm32f1xx_hal_cortex.o
                0x08000560                HAL_NVIC_SetPriorityGrouping
 .text.HAL_NVIC_SetPriority
                0x08000584       0x68 Drivers\STM32F1xx_HAL_Driver\Src\stm32f1xx_hal_cortex.o
                0x08000584                HAL_NVIC_SetPriority
 .text.HAL_NVIC_EnableIRQ
                0x080005ec       0x18 Drivers\STM32F1xx_HAL_Driver\Src\stm32f1xx_hal_cortex.o
                0x080005ec                HAL_NVIC_EnableIRQ
 .text.HAL_SYSTICK_Config
                0x08000604       0x2c Drivers\STM32F1xx_HAL_Driver\Src\stm32f1xx_hal_cortex.o
                0x08000604                HAL_SYSTICK_Config
 .text.HAL_SYSTICK_CLKSourceConfig
                0x08000630       0x18 Drivers\STM32F1xx_HAL_Driver\Src\stm32f1xx_hal_cortex.o
                0x08000630                HAL_SYSTICK_CLKSourceConfig
 .text.HAL_GPIO_Init
                0x08000648      0x1b0 Drivers\STM32F1xx_HAL_Driver\Src\stm32f1xx_hal_gpio.o
                0x08000648                HAL_GPIO_Init
 .text.HAL_GPIO_WritePin
                0x080007f8        0x8 Drivers\STM32F1xx_HAL_Driver\Src\stm32f1xx_hal_gpio.o
                0x080007f8                HAL_GPIO_WritePin
 .text.HAL_IWDG_MspInit
                0x08000800        0x2 Drivers\STM32F1xx_HAL_Driver\Src\stm32f1xx_hal_iwdg.o
                0x08000800                HAL_IWDG_MspInit
 .text.HAL_IWDG_Init
                0x08000802       0x58 Drivers\STM32F1xx_HAL_Driver\Src\stm32f1xx_hal_iwdg.o
                0x08000802                HAL_IWDG_Init
 *fill*         0x0800085a        0x2 
 .text.HAL_RCC_OscConfig
                0x0800085c      0x4c0 Drivers\STM32F1xx_HAL_Driver\Src\stm32f1xx_hal_rcc.o
                0x0800085c                HAL_RCC_OscConfig
 .text.HAL_RCC_GetSysClockFreq
                0x08000d1c       0x90 Drivers\STM32F1xx_HAL_Driver\Src\stm32f1xx_hal_rcc.o
                0x08000d1c                HAL_RCC_GetSysClockFreq
 .text.HAL_RCC_ClockConfig
                0x08000dac      0x164 Drivers\STM32F1xx_HAL_Driver\Src\stm32f1xx_hal_rcc.o
                0x08000dac                HAL_RCC_ClockConfig
 .text.HAL_RCC_GetHCLKFreq
                0x08000f10        0xc Drivers\STM32F1xx_HAL_Driver\Src\stm32f1xx_hal_rcc.o
                0x08000f10                HAL_RCC_GetHCLKFreq
 .text.HAL_RCC_GetPCLK1Freq
                0x08000f1c       0x30 Drivers\STM32F1xx_HAL_Driver\Src\stm32f1xx_hal_rcc.o
                0x08000f1c                HAL_RCC_GetPCLK1Freq
 .text.HAL_RCC_GetPCLK2Freq
                0x08000f4c       0x30 Drivers\STM32F1xx_HAL_Driver\Src\stm32f1xx_hal_rcc.o
                0x08000f4c                HAL_RCC_GetPCLK2Freq
 .text.HAL_RCCEx_PeriphCLKConfig
                0x08000f7c      0x100 Drivers\STM32F1xx_HAL_Driver\Src\stm32f1xx_hal_rcc_ex.o
                0x08000f7c                HAL_RCCEx_PeriphCLKConfig
 .text.UART_SetConfig
                0x0800107c      0x134 Drivers\STM32F1xx_HAL_Driver\Src\stm32f1xx_hal_uart.o
 .text.UART_WaitOnFlagUntilTimeout.constprop.1
                0x080011b0       0x60 Drivers\STM32F1xx_HAL_Driver\Src\stm32f1xx_hal_uart.o
 .text.HAL_UART_Init
                0x08001210       0x58 Drivers\STM32F1xx_HAL_Driver\Src\stm32f1xx_hal_uart.o
                0x08001210                HAL_UART_Init
 .text.HAL_UART_Transmit
                0x08001268       0xb8 Drivers\STM32F1xx_HAL_Driver\Src\stm32f1xx_hal_uart.o
                0x08001268                HAL_UART_Transmit
 .text.HAL_UART_Transmit_IT
                0x08001320       0x54 Drivers\STM32F1xx_HAL_Driver\Src\stm32f1xx_hal_uart.o
                0x08001320                HAL_UART_Transmit_IT
 .text.HAL_UART_Receive_IT
                0x08001374       0x64 Drivers\STM32F1xx_HAL_Driver\Src\stm32f1xx_hal_uart.o
                0x08001374                HAL_UART_Receive_IT
 .text.HAL_UART_TxCpltCallback
                0x080013d8        0x2 Drivers\STM32F1xx_HAL_Driver\Src\stm32f1xx_hal_uart.o
                0x080013d8                HAL_UART_TxCpltCallback
 .text.HAL_UART_ErrorCallback
                0x080013da        0x2 Drivers\STM32F1xx_HAL_Driver\Src\stm32f1xx_hal_uart.o
                0x080013da                HAL_UART_ErrorCallback
 .text.HAL_UART_IRQHandler
                0x080013dc      0x184 Drivers\STM32F1xx_HAL_Driver\Src\stm32f1xx_hal_uart.o
                0x080013dc                HAL_UART_IRQHandler
 .text.osKernelStart
                0x08001560        0xa Middlewares\Third_Party\FreeRTOS\Source\CMSIS_RTOS\cmsis_os.o
                0x08001560                osKernelStart
 .text.osThreadCreate
                0x0800156a       0x38 Middlewares\Third_Party\FreeRTOS\Source\CMSIS_RTOS\cmsis_os.o
                0x0800156a                osThreadCreate
 .text.osDelay  0x080015a2       0x10 Middlewares\Third_Party\FreeRTOS\Source\CMSIS_RTOS\cmsis_os.o
                0x080015a2                osDelay
 .text.osSemaphoreCreate
                0x080015b2       0x28 Middlewares\Third_Party\FreeRTOS\Source\CMSIS_RTOS\cmsis_os.o
                0x080015b2                osSemaphoreCreate
 .text.osMessageCreate
                0x080015da        0x8 Middlewares\Third_Party\FreeRTOS\Source\CMSIS_RTOS\cmsis_os.o
                0x080015da                osMessageCreate
 *fill*         0x080015e2        0x2 
 .text.osMessageGet
                0x080015e4       0x6c Middlewares\Third_Party\FreeRTOS\Source\CMSIS_RTOS\cmsis_os.o
                0x080015e4                osMessageGet
 .text.osSystickHandler
                0x08001650       0x14 Middlewares\Third_Party\FreeRTOS\Source\CMSIS_RTOS\cmsis_os.o
                0x08001650                osSystickHandler
 .text.vListInitialise
                0x08001664       0x16 Middlewares\Third_Party\FreeRTOS\Source\list.o
                0x08001664                vListInitialise
 .text.vListInitialiseItem
                0x0800167a        0x6 Middlewares\Third_Party\FreeRTOS\Source\list.o
                0x0800167a                vListInitialiseItem
 .text.vListInsertEnd
                0x08001680       0x18 Middlewares\Third_Party\FreeRTOS\Source\list.o
                0x08001680                vListInsertEnd
 .text.vListInsert
                0x08001698       0x30 Middlewares\Third_Party\FreeRTOS\Source\list.o
                0x08001698                vListInsert
 .text.uxListRemove
                0x080016c8       0x20 Middlewares\Third_Party\FreeRTOS\Source\list.o
                0x080016c8                uxListRemove
 .text.prvPortStartFirstTask
                0x080016e8       0x20 Middlewares\Third_Party\FreeRTOS\Source\portable\GCC\ARM_CM3\port.o
 .text.pxPortInitialiseStack
                0x08001708       0x1c Middlewares\Third_Party\FreeRTOS\Source\portable\GCC\ARM_CM3\port.o
                0x08001708                pxPortInitialiseStack
 .text.SVC_Handler
                0x08001724       0x24 Middlewares\Third_Party\FreeRTOS\Source\portable\GCC\ARM_CM3\port.o
                0x08001724                SVC_Handler
 .text.vPortYield
                0x08001748       0x18 Middlewares\Third_Party\FreeRTOS\Source\portable\GCC\ARM_CM3\port.o
                0x08001748                vPortYield
 .text.ulPortSetInterruptMask
                0x08001760       0x10 Middlewares\Third_Party\FreeRTOS\Source\portable\GCC\ARM_CM3\port.o
                0x08001760                ulPortSetInterruptMask
 .text.prvTaskExitError
                0x08001770       0x1c Middlewares\Third_Party\FreeRTOS\Source\portable\GCC\ARM_CM3\port.o
 .text.vPortEnterCritical
                0x0800178c       0x34 Middlewares\Third_Party\FreeRTOS\Source\portable\GCC\ARM_CM3\port.o
                0x0800178c                vPortEnterCritical
 .text.vPortClearInterruptMask
                0x080017c0        0x6 Middlewares\Third_Party\FreeRTOS\Source\portable\GCC\ARM_CM3\port.o
                0x080017c0                vPortClearInterruptMask
 *fill*         0x080017c6        0x2 
 .text.vPortExitCritical
                0x080017c8       0x24 Middlewares\Third_Party\FreeRTOS\Source\portable\GCC\ARM_CM3\port.o
                0x080017c8                vPortExitCritical
 .text.PendSV_Handler
                0x080017ec       0x44 Middlewares\Third_Party\FreeRTOS\Source\portable\GCC\ARM_CM3\port.o
                0x080017ec                PendSV_Handler
 .text.xPortSysTickHandler
                0x08001830       0x24 Middlewares\Third_Party\FreeRTOS\Source\portable\GCC\ARM_CM3\port.o
                0x08001830                xPortSysTickHandler
 .text.vPortSetupTimerInterrupt
                0x08001854       0x28 Middlewares\Third_Party\FreeRTOS\Source\portable\GCC\ARM_CM3\port.o
                0x08001854                vPortSetupTimerInterrupt
 .text.xPortStartScheduler
                0x0800187c       0x94 Middlewares\Third_Party\FreeRTOS\Source\portable\GCC\ARM_CM3\port.o
                0x0800187c                xPortStartScheduler
 .text.vPortValidateInterruptPriority
                0x08001910       0x44 Middlewares\Third_Party\FreeRTOS\Source\portable\GCC\ARM_CM3\port.o
                0x08001910                vPortValidateInterruptPriority
 .text.prvInsertBlockIntoFreeList
                0x08001954       0x48 Middlewares\Third_Party\FreeRTOS\Source\portable\MemMang\heap_4.o
 .text.pvPortMalloc
                0x0800199c      0x10c Middlewares\Third_Party\FreeRTOS\Source\portable\MemMang\heap_4.o
                0x0800199c                pvPortMalloc
 .text.vPortFree
                0x08001aa8       0x58 Middlewares\Third_Party\FreeRTOS\Source\portable\MemMang\heap_4.o
                0x08001aa8                vPortFree
 .text.prvCopyDataToQueue
                0x08001b00       0x6a Middlewares\Third_Party\FreeRTOS\Source\queue.o
 .text.unlikely.prvCopyDataFromQueue
                0x08001b6a       0x28 Middlewares\Third_Party\FreeRTOS\Source\queue.o
 .text.prvUnlockQueue
                0x08001b92       0x68 Middlewares\Third_Party\FreeRTOS\Source\queue.o
 .text.xQueueGenericReset
                0x08001bfa       0x62 Middlewares\Third_Party\FreeRTOS\Source\queue.o
                0x08001bfa                xQueueGenericReset
 .text.xQueueGenericCreate
                0x08001c5c       0x4c Middlewares\Third_Party\FreeRTOS\Source\queue.o
                0x08001c5c                xQueueGenericCreate
 .text.xQueueGenericSend
                0x08001ca8      0x118 Middlewares\Third_Party\FreeRTOS\Source\queue.o
                0x08001ca8                xQueueGenericSend
 .text.xQueueGenericReceive
                0x08001dc0      0x12c Middlewares\Third_Party\FreeRTOS\Source\queue.o
                0x08001dc0                xQueueGenericReceive
 .text.xQueueReceiveFromISR
                0x08001eec       0x72 Middlewares\Third_Party\FreeRTOS\Source\queue.o
                0x08001eec                xQueueReceiveFromISR
 *fill*         0x08001f5e        0x2 
 .text.prvResetNextTaskUnblockTime
                0x08001f60       0x24 Middlewares\Third_Party\FreeRTOS\Source\tasks.o
 .text.prvAddCurrentTaskToDelayedList
                0x08001f84       0x50 Middlewares\Third_Party\FreeRTOS\Source\tasks.o
 .text.xTaskGenericCreate
                0x08001fd4      0x1c0 Middlewares\Third_Party\FreeRTOS\Source\tasks.o
                0x08001fd4                xTaskGenericCreate
 .text.vTaskStartScheduler
                0x08002194       0x60 Middlewares\Third_Party\FreeRTOS\Source\tasks.o
                0x08002194                vTaskStartScheduler
 .text.vTaskSuspendAll
                0x080021f4       0x10 Middlewares\Third_Party\FreeRTOS\Source\tasks.o
                0x080021f4                vTaskSuspendAll
 .text.xTaskIncrementTick
                0x08002204      0x124 Middlewares\Third_Party\FreeRTOS\Source\tasks.o
                0x08002204                xTaskIncrementTick
 .text.xTaskResumeAll
                0x08002328       0xd0 Middlewares\Third_Party\FreeRTOS\Source\tasks.o
                0x08002328                xTaskResumeAll
 .text.vTaskDelay
                0x080023f8       0x60 Middlewares\Third_Party\FreeRTOS\Source\tasks.o
                0x080023f8                vTaskDelay
 .text.prvIdleTask
                0x08002458       0x68 Middlewares\Third_Party\FreeRTOS\Source\tasks.o
 .text.vTaskSwitchContext
                0x080024c0       0x68 Middlewares\Third_Party\FreeRTOS\Source\tasks.o
                0x080024c0                vTaskSwitchContext
 .text.vTaskPlaceOnEventList
                0x08002528       0x64 Middlewares\Third_Party\FreeRTOS\Source\tasks.o
                0x08002528                vTaskPlaceOnEventList
 .text.xTaskRemoveFromEventList
                0x0800258c       0x78 Middlewares\Third_Party\FreeRTOS\Source\tasks.o
                0x0800258c                xTaskRemoveFromEventList
 .text.vTaskSetTimeOutState
                0x08002604       0x20 Middlewares\Third_Party\FreeRTOS\Source\tasks.o
                0x08002604                vTaskSetTimeOutState
 .text.xTaskCheckForTimeOut
                0x08002624       0x5c Middlewares\Third_Party\FreeRTOS\Source\tasks.o
                0x08002624                xTaskCheckForTimeOut
 .text.vTaskMissedYield
                0x08002680        0xc Middlewares\Third_Party\FreeRTOS\Source\tasks.o
                0x08002680                vTaskMissedYield
 .text.xTaskGetSchedulerState
                0x0800268c       0x20 Middlewares\Third_Party\FreeRTOS\Source\tasks.o
                0x0800268c                xTaskGetSchedulerState
 .text.vTaskPriorityInherit
                0x080026ac       0x94 Middlewares\Third_Party\FreeRTOS\Source\tasks.o
                0x080026ac                vTaskPriorityInherit
 .text.xTaskPriorityDisinherit
                0x08002740       0x88 Middlewares\Third_Party\FreeRTOS\Source\tasks.o
                0x08002740                xTaskPriorityDisinherit
 .text.pvTaskIncrementMutexHeldCount
                0x080027c8       0x18 Middlewares\Third_Party\FreeRTOS\Source\tasks.o
                0x080027c8                pvTaskIncrementMutexHeldCount
 .text.stm32LiveTask
                0x080027e0       0x2c Src\main.o
                0x080027e0                stm32LiveTask
 .text.alarmOutTask
                0x0800280c        0xc Src\main.o
                0x0800280c                alarmOutTask
 .text.stm32Usart1Task
                0x08002818       0x2c Src\main.o
                0x08002818                stm32Usart1Task
 .text.SystemClock_Config
                0x08002844       0x80 Src\main.o
                0x08002844                SystemClock_Config
 .text.startup.main
                0x080028c4      0x1bc Src\main.o
                0x080028c4                main
 .text.HAL_UART_RxCpltCallback
                0x08002a80       0x84 Src\main.o
                0x08002a80                HAL_UART_RxCpltCallback
 .text.HAL_MspInit
                0x08002b04       0x8c Src\stm32f1xx_hal_msp.o
                0x08002b04                HAL_MspInit
 .text.HAL_ADC_MspInit
                0x08002b90       0x3c Src\stm32f1xx_hal_msp.o
                0x08002b90                HAL_ADC_MspInit
 .text.HAL_UART_MspInit
                0x08002bcc       0x68 Src\stm32f1xx_hal_msp.o
                0x08002bcc                HAL_UART_MspInit
 .text.NMI_Handler
                0x08002c34        0x2 Src\stm32f1xx_it.o
                0x08002c34                NMI_Handler
 .text.HardFault_Handler
                0x08002c36        0x2 Src\stm32f1xx_it.o
                0x08002c36                HardFault_Handler
 .text.MemManage_Handler
                0x08002c38        0x2 Src\stm32f1xx_it.o
                0x08002c38                MemManage_Handler
 .text.BusFault_Handler
                0x08002c3a        0x2 Src\stm32f1xx_it.o
                0x08002c3a                BusFault_Handler
 .text.UsageFault_Handler
                0x08002c3c        0x2 Src\stm32f1xx_it.o
                0x08002c3c                UsageFault_Handler
 .text.DebugMon_Handler
                0x08002c3e        0x2 Src\stm32f1xx_it.o
                0x08002c3e                DebugMon_Handler
 .text.SysTick_Handler
                0x08002c40        0xe Src\stm32f1xx_it.o
                0x08002c40                SysTick_Handler
 *fill*         0x08002c4e        0x2 
 .text.USART1_IRQHandler
                0x08002c50        0xc Src\stm32f1xx_it.o
                0x08002c50                USART1_IRQHandler
 .text._write   0x08002c5c       0x34 Src\syscalls.o
                0x08002c5c                _write
 .text.ts_itoa  0x08002c90       0x34 Src\tiny_printf.o
                0x08002c90                ts_itoa
 .text.ts_formatstring
                0x08002cc4       0xc8 Src\tiny_printf.o
                0x08002cc4                ts_formatstring
 .text.ts_formatlength
                0x08002d8c       0x70 Src\tiny_printf.o
                0x08002d8c                ts_formatlength
 .text.iprintf  0x08002dfc       0x46 Src\tiny_printf.o
                0x08002dfc                iprintf
                0x08002dfc                printf
 *fill*         0x08002e42        0x2 
 .text.puts     0x08002e44       0x34 Src\tiny_printf.o
                0x08002e44                puts
 .text.__libc_init_array
                0x08002e78       0x4c e:/program/truestudio for arm 6.0.0/armtools/bin/../lib/gcc/arm-atollic-eabi/5.3.1/../../../../arm-atollic-eabi/lib/armv7-m\libc.a(lib_a-init.o)
                0x08002e78                __libc_init_array
 .text.memcpy   0x08002ec4       0x16 e:/program/truestudio for arm 6.0.0/armtools/bin/../lib/gcc/arm-atollic-eabi/5.3.1/../../../../arm-atollic-eabi/lib/armv7-m\libc.a(lib_a-memcpy-stub.o)
                0x08002ec4                memcpy
 .text.memset   0x08002eda       0x10 e:/program/truestudio for arm 6.0.0/armtools/bin/../lib/gcc/arm-atollic-eabi/5.3.1/../../../../arm-atollic-eabi/lib/armv7-m\libc.a(lib_a-memset.o)
                0x08002eda                memset
 *(.glue_7)
 .glue_7        0x08002eea        0x0 linker stubs
 *(.glue_7t)
 .glue_7t       0x08002eea        0x0 linker stubs
 *(.eh_frame)
 *fill*         0x08002eea        0x2 
 .eh_frame      0x08002eec        0x0 e:/program/truestudio for arm 6.0.0/armtools/bin/../lib/gcc/arm-atollic-eabi/5.3.1/armv7-m/crtbegin.o
 *(.init)
 .init          0x08002eec        0x4 e:/program/truestudio for arm 6.0.0/armtools/bin/../lib/gcc/arm-atollic-eabi/5.3.1/armv7-m/crti.o
                0x08002eec                _init
 .init          0x08002ef0        0x8 e:/program/truestudio for arm 6.0.0/armtools/bin/../lib/gcc/arm-atollic-eabi/5.3.1/armv7-m/crtn.o
 *(.fini)
 .fini          0x08002ef8        0x4 e:/program/truestudio for arm 6.0.0/armtools/bin/../lib/gcc/arm-atollic-eabi/5.3.1/armv7-m/crti.o
                0x08002ef8                _fini
 .fini          0x08002efc        0x8 e:/program/truestudio for arm 6.0.0/armtools/bin/../lib/gcc/arm-atollic-eabi/5.3.1/armv7-m/crtn.o
                0x08002f04                . = ALIGN (0x4)
                0x08002f04                _etext = .

.vfp11_veneer   0x08002f04        0x0
 .vfp11_veneer  0x08002f04        0x0 linker stubs

.v4_bx          0x08002f04        0x0
 .v4_bx         0x08002f04        0x0 linker stubs

.iplt           0x08002f04        0x0
 .iplt          0x08002f04        0x0 e:/program/truestudio for arm 6.0.0/armtools/bin/../lib/gcc/arm-atollic-eabi/5.3.1/armv7-m/crtbegin.o

.rodata         0x08002f04       0xa4
                0x08002f04                . = ALIGN (0x4)
 *(.rodata)
 .rodata        0x08002f04       0x12 Drivers\STM32F1xx_HAL_Driver\Src\stm32f1xx_hal_rcc.o
 *fill*         0x08002f16        0x2 
 .rodata        0x08002f18       0x44 Src\main.o
 *(.rodata*)
 .rodata.AHBPrescTable
                0x08002f5c       0x10 Drivers\CMSIS\Device\ST\STM32F1xx\Source\Templates\system_stm32f1xx.o
                0x08002f5c                AHBPrescTable
 .rodata.APBPrescTable
                0x08002f6c        0x8 Drivers\CMSIS\Device\ST\STM32F1xx\Source\Templates\system_stm32f1xx.o
                0x08002f6c                APBPrescTable
 .rodata.str1.1
                0x08002f74        0x5 Middlewares\Third_Party\FreeRTOS\Source\tasks.o
 .rodata.str1.1
                0x08002f79       0x2a Src\main.o
 .rodata.str1.1
                0x08002fa3        0x2 Src\tiny_printf.o
                0x08002fa8                . = ALIGN (0x4)
 *fill*         0x08002fa5        0x3 

.rel.dyn        0x08002fa8        0x0
 .rel.iplt      0x08002fa8        0x0 e:/program/truestudio for arm 6.0.0/armtools/bin/../lib/gcc/arm-atollic-eabi/5.3.1/armv7-m/crtbegin.o

.ARM.extab
 *(.ARM.extab* .gnu.linkonce.armextab.*)

.ARM            0x08002fa8        0x0
                0x08002fa8                __exidx_start = .
 *(.ARM.exidx*)
                0x08002fa8                __exidx_end = .

.preinit_array  0x08002fa8        0x0
                0x08002fa8                PROVIDE (__preinit_array_start, .)
 *(.preinit_array*)
                0x08002fa8                PROVIDE (__preinit_array_end, .)

.init_array     0x08002fa8        0x4
                0x08002fa8                PROVIDE (__init_array_start, .)
 *(SORT(.init_array.*))
 *(.init_array*)
 .init_array    0x08002fa8        0x4 e:/program/truestudio for arm 6.0.0/armtools/bin/../lib/gcc/arm-atollic-eabi/5.3.1/armv7-m/crtbegin.o
                0x08002fac                PROVIDE (__init_array_end, .)

.fini_array     0x08002fac        0x4
                [!provide]                PROVIDE (__fini_array_start, .)
 *(SORT(.fini_array.*))
 *(.fini_array*)
 .fini_array    0x08002fac        0x4 e:/program/truestudio for arm 6.0.0/armtools/bin/../lib/gcc/arm-atollic-eabi/5.3.1/armv7-m/crtbegin.o
                [!provide]                PROVIDE (__fini_array_end, .)
                0x08002fb0                _sidata = LOADADDR (.data)

.data           0x20000000       0x10 load address 0x08002fb0
                0x20000000                . = ALIGN (0x4)
                0x20000000                _sdata = .
 *(.data)
 *(.data*)
 .data.SystemCoreClock
                0x20000000        0x4 Drivers\CMSIS\Device\ST\STM32F1xx\Source\Templates\system_stm32f1xx.o
                0x20000000                SystemCoreClock
 .data.uxCriticalNesting
                0x20000004        0x4 Middlewares\Third_Party\FreeRTOS\Source\portable\GCC\ARM_CM3\port.o
 .data.consoleMessage
                0x20000008        0x7 Src\main.o
                0x20000008                consoleMessage
                0x20000010                . = ALIGN (0x4)
 *fill*         0x2000000f        0x1 
                0x20000010                _edata = .

.igot.plt       0x20000010        0x0 load address 0x08002fc0
 .igot.plt      0x20000010        0x0 e:/program/truestudio for arm 6.0.0/armtools/bin/../lib/gcc/arm-atollic-eabi/5.3.1/armv7-m/crtbegin.o
                0x20000010                . = ALIGN (0x4)

.bss            0x20000010      0xdf8 load address 0x08002fc0
                0x20000010                _sbss = .
                0x20000010                __bss_start__ = _sbss
 *(.bss)
 .bss           0x20000010       0x1c e:/program/truestudio for arm 6.0.0/armtools/bin/../lib/gcc/arm-atollic-eabi/5.3.1/armv7-m/crtbegin.o
 *(.bss*)
 .bss.uwTick    0x2000002c        0x4 Drivers\STM32F1xx_HAL_Driver\Src\stm32f1xx_hal.o
 .bss.ucMaxSysCallPriority
                0x20000030        0x1 Middlewares\Third_Party\FreeRTOS\Source\portable\GCC\ARM_CM3\port.o
 *fill*         0x20000031        0x3 
 .bss.ulMaxPRIGROUPValue
                0x20000034        0x4 Middlewares\Third_Party\FreeRTOS\Source\portable\GCC\ARM_CM3\port.o
 .bss.xFreeBytesRemaining
                0x20000038        0x4 Middlewares\Third_Party\FreeRTOS\Source\portable\MemMang\heap_4.o
 .bss.pxEnd     0x2000003c        0x4 Middlewares\Third_Party\FreeRTOS\Source\portable\MemMang\heap_4.o
 .bss.xStart    0x20000040        0x8 Middlewares\Third_Party\FreeRTOS\Source\portable\MemMang\heap_4.o
 .bss.ucHeap    0x20000048      0xc00 Middlewares\Third_Party\FreeRTOS\Source\portable\MemMang\heap_4.o
 .bss.xBlockAllocatedBit
                0x20000c48        0x4 Middlewares\Third_Party\FreeRTOS\Source\portable\MemMang\heap_4.o
 .bss.xMinimumEverFreeBytesRemaining
                0x20000c4c        0x4 Middlewares\Third_Party\FreeRTOS\Source\portable\MemMang\heap_4.o
 .bss.xNumOfOverflows
                0x20000c50        0x4 Middlewares\Third_Party\FreeRTOS\Source\tasks.o
 .bss.pxDelayedTaskList
                0x20000c54        0x4 Middlewares\Third_Party\FreeRTOS\Source\tasks.o
 .bss.xSchedulerRunning
                0x20000c58        0x4 Middlewares\Third_Party\FreeRTOS\Source\tasks.o
 .bss.uxTasksDeleted
                0x20000c5c        0x4 Middlewares\Third_Party\FreeRTOS\Source\tasks.o
 .bss.xDelayedTaskList1
                0x20000c60       0x14 Middlewares\Third_Party\FreeRTOS\Source\tasks.o
 .bss.uxPendedTicks
                0x20000c74        0x4 Middlewares\Third_Party\FreeRTOS\Source\tasks.o
 .bss.pxReadyTasksLists
                0x20000c78       0x8c Middlewares\Third_Party\FreeRTOS\Source\tasks.o
 .bss.xTasksWaitingTermination
                0x20000d04       0x14 Middlewares\Third_Party\FreeRTOS\Source\tasks.o
 .bss.pxCurrentTCB
                0x20000d18        0x4 Middlewares\Third_Party\FreeRTOS\Source\tasks.o
                0x20000d18                pxCurrentTCB
 .bss.xNextTaskUnblockTime
                0x20000d1c        0x4 Middlewares\Third_Party\FreeRTOS\Source\tasks.o
 .bss.uxSchedulerSuspended
                0x20000d20        0x4 Middlewares\Third_Party\FreeRTOS\Source\tasks.o
 .bss.xTickCount
                0x20000d24        0x4 Middlewares\Third_Party\FreeRTOS\Source\tasks.o
 .bss.pxOverflowDelayedTaskList
                0x20000d28        0x4 Middlewares\Third_Party\FreeRTOS\Source\tasks.o
 .bss.xPendingReadyList
                0x20000d2c       0x14 Middlewares\Third_Party\FreeRTOS\Source\tasks.o
 .bss.uxTaskNumber
                0x20000d40        0x4 Middlewares\Third_Party\FreeRTOS\Source\tasks.o
 .bss.uxCurrentNumberOfTasks
                0x20000d44        0x4 Middlewares\Third_Party\FreeRTOS\Source\tasks.o
 .bss.xDelayedTaskList2
                0x20000d48       0x14 Middlewares\Third_Party\FreeRTOS\Source\tasks.o
 .bss.xSuspendedTaskList
                0x20000d5c       0x14 Middlewares\Third_Party\FreeRTOS\Source\tasks.o
 .bss.uxTopReadyPriority
                0x20000d70        0x4 Middlewares\Third_Party\FreeRTOS\Source\tasks.o
 .bss.xYieldPending
                0x20000d74        0x4 Middlewares\Third_Party\FreeRTOS\Source\tasks.o
 .bss.usartSendCharater
                0x20000d78        0x1 Src\main.o
                0x20000d78                usartSendCharater
 *(COMMON)
 *fill*         0x20000d79        0x3 
 COMMON         0x20000d7c       0x8c Src\main.o
                0x20000d7c                defaultTaskHandle
                0x20000d80                uartRxQueueHandle
                0x20000d84                hiwdg
                0x20000d94                hadc1
                0x20000dc4                huart1
                0x20000e04                myBinarySem01Handle
                0x20000e08                . = ALIGN (0x4)
                0x20000e08                _ebss = .
                0x20000e08                __bss_end__ = _ebss

._user_heap_stack
                0x20000e08      0x600 load address 0x08002fc0
                0x20000e08                . = ALIGN (0x4)
                0x20000e08                PROVIDE (end, .)
                [!provide]                PROVIDE (_end, .)
                0x20001008                . = (. + _Min_Heap_Size)
 *fill*         0x20000e08      0x200 
                0x20001408                . = (. + _Min_Stack_Size)
 *fill*         0x20001008      0x400 
                0x20001408                . = ALIGN (0x4)

/DISCARD/
 libc.a(*)
 libm.a(*)
 libgcc.a(*)

.ARM.attributes
                0x00000000       0x29
 *(.ARM.attributes)
 .ARM.attributes
                0x00000000       0x1d e:/program/truestudio for arm 6.0.0/armtools/bin/../lib/gcc/arm-atollic-eabi/5.3.1/armv7-m/crti.o
 .ARM.attributes
                0x0000001d       0x2d e:/program/truestudio for arm 6.0.0/armtools/bin/../lib/gcc/arm-atollic-eabi/5.3.1/armv7-m/crtbegin.o
 .ARM.attributes
                0x0000004a       0x21 Drivers\CMSIS\Device\ST\STM32F1xx\Source\Templates\gcc\startup_stm32f101xb.o
 .ARM.attributes
                0x0000006b       0x33 Drivers\CMSIS\Device\ST\STM32F1xx\Source\Templates\system_stm32f1xx.o
 .ARM.attributes
                0x0000009e       0x33 Drivers\STM32F1xx_HAL_Driver\Src\stm32f1xx_hal.o
 .ARM.attributes
                0x000000d1       0x33 Drivers\STM32F1xx_HAL_Driver\Src\stm32f1xx_hal_adc.o
 .ARM.attributes
                0x00000104       0x33 Drivers\STM32F1xx_HAL_Driver\Src\stm32f1xx_hal_cortex.o
 .ARM.attributes
                0x00000137       0x33 Drivers\STM32F1xx_HAL_Driver\Src\stm32f1xx_hal_gpio.o
 .ARM.attributes
                0x0000016a       0x33 Drivers\STM32F1xx_HAL_Driver\Src\stm32f1xx_hal_iwdg.o
 .ARM.attributes
                0x0000019d       0x33 Drivers\STM32F1xx_HAL_Driver\Src\stm32f1xx_hal_rcc.o
 .ARM.attributes
                0x000001d0       0x33 Drivers\STM32F1xx_HAL_Driver\Src\stm32f1xx_hal_rcc_ex.o
 .ARM.attributes
                0x00000203       0x33 Drivers\STM32F1xx_HAL_Driver\Src\stm32f1xx_hal_uart.o
 .ARM.attributes
                0x00000236       0x33 Middlewares\Third_Party\FreeRTOS\Source\CMSIS_RTOS\cmsis_os.o
 .ARM.attributes
                0x00000269       0x33 Middlewares\Third_Party\FreeRTOS\Source\list.o
 .ARM.attributes
                0x0000029c       0x33 Middlewares\Third_Party\FreeRTOS\Source\portable\GCC\ARM_CM3\port.o
 .ARM.attributes
                0x000002cf       0x33 Middlewares\Third_Party\FreeRTOS\Source\portable\MemMang\heap_4.o
 .ARM.attributes
                0x00000302       0x33 Middlewares\Third_Party\FreeRTOS\Source\queue.o
 .ARM.attributes
                0x00000335       0x33 Middlewares\Third_Party\FreeRTOS\Source\tasks.o
 .ARM.attributes
                0x00000368       0x33 Src\main.o
 .ARM.attributes
                0x0000039b       0x33 Src\stm32f1xx_hal_msp.o
 .ARM.attributes
                0x000003ce       0x33 Src\stm32f1xx_it.o
 .ARM.attributes
                0x00000401       0x33 Src\syscalls.o
 .ARM.attributes
                0x00000434       0x33 Src\tiny_printf.o
 .ARM.attributes
                0x00000467       0x2d e:/program/truestudio for arm 6.0.0/armtools/bin/../lib/gcc/arm-atollic-eabi/5.3.1/../../../../arm-atollic-eabi/lib/armv7-m\libc.a(lib_a-init.o)
 .ARM.attributes
                0x00000494       0x2d e:/program/truestudio for arm 6.0.0/armtools/bin/../lib/gcc/arm-atollic-eabi/5.3.1/../../../../arm-atollic-eabi/lib/armv7-m\libc.a(lib_a-memcpy-stub.o)
 .ARM.attributes
                0x000004c1       0x2d e:/program/truestudio for arm 6.0.0/armtools/bin/../lib/gcc/arm-atollic-eabi/5.3.1/../../../../arm-atollic-eabi/lib/armv7-m\libc.a(lib_a-memset.o)
 .ARM.attributes
                0x000004ee       0x17 e:/program/truestudio for arm 6.0.0/armtools/bin/../lib/gcc/arm-atollic-eabi/5.3.1/../../../../arm-atollic-eabi/lib/armv7-m\libc.a(lib_a-strlen.o)
 .ARM.attributes
                0x00000505       0x1d e:/program/truestudio for arm 6.0.0/armtools/bin/../lib/gcc/arm-atollic-eabi/5.3.1/armv7-m/crtn.o
OUTPUT(ASP-Observer.elf elf32-littlearm)

.debug_line     0x00000000     0x5bc0
 .debug_line    0x00000000       0xac Drivers\CMSIS\Device\ST\STM32F1xx\Source\Templates\gcc\startup_stm32f101xb.o
 .debug_line    0x000000ac      0x1d7 Drivers\CMSIS\Device\ST\STM32F1xx\Source\Templates\system_stm32f1xx.o
 .debug_line    0x00000283      0x34d Drivers\STM32F1xx_HAL_Driver\Src\stm32f1xx_hal.o
 .debug_line    0x000005d0      0x7de Drivers\STM32F1xx_HAL_Driver\Src\stm32f1xx_hal_adc.o
 .debug_line    0x00000dae      0x352 Drivers\STM32F1xx_HAL_Driver\Src\stm32f1xx_hal_cortex.o
 .debug_line    0x00001100      0x36b Drivers\STM32F1xx_HAL_Driver\Src\stm32f1xx_hal_gpio.o
 .debug_line    0x0000146b      0x29e Drivers\STM32F1xx_HAL_Driver\Src\stm32f1xx_hal_iwdg.o
 .debug_line    0x00001709      0x774 Drivers\STM32F1xx_HAL_Driver\Src\stm32f1xx_hal_rcc.o
 .debug_line    0x00001e7d      0x323 Drivers\STM32F1xx_HAL_Driver\Src\stm32f1xx_hal_rcc_ex.o
 .debug_line    0x000021a0      0x964 Drivers\STM32F1xx_HAL_Driver\Src\stm32f1xx_hal_uart.o
 .debug_line    0x00002b04      0x765 Middlewares\Third_Party\FreeRTOS\Source\CMSIS_RTOS\cmsis_os.o
 .debug_line    0x00003269      0x21c Middlewares\Third_Party\FreeRTOS\Source\list.o
 .debug_line    0x00003485      0x303 Middlewares\Third_Party\FreeRTOS\Source\portable\GCC\ARM_CM3\port.o
 .debug_line    0x00003788      0x31f Middlewares\Third_Party\FreeRTOS\Source\portable\MemMang\heap_4.o
 .debug_line    0x00003aa7      0x644 Middlewares\Third_Party\FreeRTOS\Source\queue.o
 .debug_line    0x000040eb      0xade Middlewares\Third_Party\FreeRTOS\Source\tasks.o
 .debug_line    0x00004bc9      0x4d8 Src\main.o
 .debug_line    0x000050a1      0x2b3 Src\stm32f1xx_hal_msp.o
 .debug_line    0x00005354      0x28a Src\stm32f1xx_it.o
 .debug_line    0x000055de      0x35c Src\syscalls.o
 .debug_line    0x0000593a      0x286 Src\tiny_printf.o

.debug_info     0x00000000     0xf02d
 .debug_info    0x00000000       0xa4 Drivers\CMSIS\Device\ST\STM32F1xx\Source\Templates\gcc\startup_stm32f101xb.o
 .debug_info    0x000000a4      0x3e7 Drivers\CMSIS\Device\ST\STM32F1xx\Source\Templates\system_stm32f1xx.o
 .debug_info    0x0000048b      0x64c Drivers\STM32F1xx_HAL_Driver\Src\stm32f1xx_hal.o
 .debug_info    0x00000ad7      0xf93 Drivers\STM32F1xx_HAL_Driver\Src\stm32f1xx_hal_adc.o
 .debug_info    0x00001a6a      0xbeb Drivers\STM32F1xx_HAL_Driver\Src\stm32f1xx_hal_cortex.o
 .debug_info    0x00002655      0x60b Drivers\STM32F1xx_HAL_Driver\Src\stm32f1xx_hal_gpio.o
 .debug_info    0x00002c60      0x337 Drivers\STM32F1xx_HAL_Driver\Src\stm32f1xx_hal_iwdg.o
 .debug_info    0x00002f97     0x1240 Drivers\STM32F1xx_HAL_Driver\Src\stm32f1xx_hal_rcc.o
 .debug_info    0x000041d7      0x493 Drivers\STM32F1xx_HAL_Driver\Src\stm32f1xx_hal_rcc_ex.o
 .debug_info    0x0000466a      0xff9 Drivers\STM32F1xx_HAL_Driver\Src\stm32f1xx_hal_uart.o
 .debug_info    0x00005663     0x1a9e Middlewares\Third_Party\FreeRTOS\Source\CMSIS_RTOS\cmsis_os.o
 .debug_info    0x00007101      0x2a1 Middlewares\Third_Party\FreeRTOS\Source\list.o
 .debug_info    0x000073a2      0x3e3 Middlewares\Third_Party\FreeRTOS\Source\portable\GCC\ARM_CM3\port.o
 .debug_info    0x00007785      0x40e Middlewares\Third_Party\FreeRTOS\Source\portable\MemMang\heap_4.o
 .debug_info    0x00007b93     0x12a7 Middlewares\Third_Party\FreeRTOS\Source\queue.o
 .debug_info    0x00008e3a     0x21e5 Middlewares\Third_Party\FreeRTOS\Source\tasks.o
 .debug_info    0x0000b01f     0x15d3 Src\main.o
 .debug_info    0x0000c5f2      0xc22 Src\stm32f1xx_hal_msp.o
 .debug_info    0x0000d214      0x555 Src\stm32f1xx_it.o
 .debug_info    0x0000d769      0xb38 Src\syscalls.o
 .debug_info    0x0000e2a1      0xd8c Src\tiny_printf.o

.debug_abbrev   0x00000000     0x2d97
 .debug_abbrev  0x00000000       0x12 Drivers\CMSIS\Device\ST\STM32F1xx\Source\Templates\gcc\startup_stm32f101xb.o
 .debug_abbrev  0x00000012      0x122 Drivers\CMSIS\Device\ST\STM32F1xx\Source\Templates\system_stm32f1xx.o
 .debug_abbrev  0x00000134      0x259 Drivers\STM32F1xx_HAL_Driver\Src\stm32f1xx_hal.o
 .debug_abbrev  0x0000038d      0x287 Drivers\STM32F1xx_HAL_Driver\Src\stm32f1xx_hal_adc.o
 .debug_abbrev  0x00000614      0x2ee Drivers\STM32F1xx_HAL_Driver\Src\stm32f1xx_hal_cortex.o
 .debug_abbrev  0x00000902      0x1c8 Drivers\STM32F1xx_HAL_Driver\Src\stm32f1xx_hal_gpio.o
 .debug_abbrev  0x00000aca      0x17f Drivers\STM32F1xx_HAL_Driver\Src\stm32f1xx_hal_iwdg.o
 .debug_abbrev  0x00000c49      0x2bf Drivers\STM32F1xx_HAL_Driver\Src\stm32f1xx_hal_rcc.o
 .debug_abbrev  0x00000f08      0x202 Drivers\STM32F1xx_HAL_Driver\Src\stm32f1xx_hal_rcc_ex.o
 .debug_abbrev  0x0000110a      0x2d4 Drivers\STM32F1xx_HAL_Driver\Src\stm32f1xx_hal_uart.o
 .debug_abbrev  0x000013de      0x359 Middlewares\Third_Party\FreeRTOS\Source\CMSIS_RTOS\cmsis_os.o
 .debug_abbrev  0x00001737       0xdc Middlewares\Third_Party\FreeRTOS\Source\list.o
 .debug_abbrev  0x00001813      0x20d Middlewares\Third_Party\FreeRTOS\Source\portable\GCC\ARM_CM3\port.o
 .debug_abbrev  0x00001a20      0x20b Middlewares\Third_Party\FreeRTOS\Source\portable\MemMang\heap_4.o
 .debug_abbrev  0x00001c2b      0x24a Middlewares\Third_Party\FreeRTOS\Source\queue.o
 .debug_abbrev  0x00001e75      0x335 Middlewares\Third_Party\FreeRTOS\Source\tasks.o
 .debug_abbrev  0x000021aa      0x33f Src\main.o
 .debug_abbrev  0x000024e9      0x198 Src\stm32f1xx_hal_msp.o
 .debug_abbrev  0x00002681      0x18a Src\stm32f1xx_it.o
 .debug_abbrev  0x0000280b      0x2b6 Src\syscalls.o
 .debug_abbrev  0x00002ac1      0x2d6 Src\tiny_printf.o

.debug_aranges  0x00000000      0xb80
 .debug_aranges
                0x00000000       0x28 Drivers\CMSIS\Device\ST\STM32F1xx\Source\Templates\gcc\startup_stm32f101xb.o
 .debug_aranges
                0x00000028       0x28 Drivers\CMSIS\Device\ST\STM32F1xx\Source\Templates\system_stm32f1xx.o
 .debug_aranges
                0x00000050       0xa8 Drivers\STM32F1xx_HAL_Driver\Src\stm32f1xx_hal.o
 .debug_aranges
                0x000000f8       0xc8 Drivers\STM32F1xx_HAL_Driver\Src\stm32f1xx_hal_adc.o
 .debug_aranges
                0x000001c0       0x90 Drivers\STM32F1xx_HAL_Driver\Src\stm32f1xx_hal_cortex.o
 .debug_aranges
                0x00000250       0x58 Drivers\STM32F1xx_HAL_Driver\Src\stm32f1xx_hal_gpio.o
 .debug_aranges
                0x000002a8       0x40 Drivers\STM32F1xx_HAL_Driver\Src\stm32f1xx_hal_iwdg.o
 .debug_aranges
                0x000002e8       0x88 Drivers\STM32F1xx_HAL_Driver\Src\stm32f1xx_hal_rcc.o
 .debug_aranges
                0x00000370       0x30 Drivers\STM32F1xx_HAL_Driver\Src\stm32f1xx_hal_rcc_ex.o
 .debug_aranges
                0x000003a0      0x108 Drivers\STM32F1xx_HAL_Driver\Src\stm32f1xx_hal_uart.o
 .debug_aranges
                0x000004a8      0x178 Middlewares\Third_Party\FreeRTOS\Source\CMSIS_RTOS\cmsis_os.o
 .debug_aranges
                0x00000620       0x40 Middlewares\Third_Party\FreeRTOS\Source\list.o
 .debug_aranges
                0x00000660       0x90 Middlewares\Third_Party\FreeRTOS\Source\portable\GCC\ARM_CM3\port.o
 .debug_aranges
                0x000006f0       0x48 Middlewares\Third_Party\FreeRTOS\Source\portable\MemMang\heap_4.o
 .debug_aranges
                0x00000738       0xd0 Middlewares\Third_Party\FreeRTOS\Source\queue.o
 .debug_aranges
                0x00000808      0x180 Middlewares\Third_Party\FreeRTOS\Source\tasks.o
 .debug_aranges
                0x00000988       0x58 Src\main.o
 .debug_aranges
                0x000009e0       0x40 Src\stm32f1xx_hal_msp.o
 .debug_aranges
                0x00000a20       0x50 Src\stm32f1xx_it.o
 .debug_aranges
                0x00000a70       0xb0 Src\syscalls.o
 .debug_aranges
                0x00000b20       0x60 Src\tiny_printf.o

.debug_ranges   0x00000000      0xde0
 .debug_ranges  0x00000000       0x20 Drivers\CMSIS\Device\ST\STM32F1xx\Source\Templates\gcc\startup_stm32f101xb.o
 .debug_ranges  0x00000020       0x18 Drivers\CMSIS\Device\ST\STM32F1xx\Source\Templates\system_stm32f1xx.o
 .debug_ranges  0x00000038       0x98 Drivers\STM32F1xx_HAL_Driver\Src\stm32f1xx_hal.o
 .debug_ranges  0x000000d0       0xb8 Drivers\STM32F1xx_HAL_Driver\Src\stm32f1xx_hal_adc.o
 .debug_ranges  0x00000188      0x130 Drivers\STM32F1xx_HAL_Driver\Src\stm32f1xx_hal_cortex.o
 .debug_ranges  0x000002b8       0x68 Drivers\STM32F1xx_HAL_Driver\Src\stm32f1xx_hal_gpio.o
 .debug_ranges  0x00000320       0x30 Drivers\STM32F1xx_HAL_Driver\Src\stm32f1xx_hal_iwdg.o
 .debug_ranges  0x00000350      0x148 Drivers\STM32F1xx_HAL_Driver\Src\stm32f1xx_hal_rcc.o
 .debug_ranges  0x00000498       0x68 Drivers\STM32F1xx_HAL_Driver\Src\stm32f1xx_hal_rcc_ex.o
 .debug_ranges  0x00000500      0x110 Drivers\STM32F1xx_HAL_Driver\Src\stm32f1xx_hal_uart.o
 .debug_ranges  0x00000610      0x180 Middlewares\Third_Party\FreeRTOS\Source\CMSIS_RTOS\cmsis_os.o
 .debug_ranges  0x00000790       0x30 Middlewares\Third_Party\FreeRTOS\Source\list.o
 .debug_ranges  0x000007c0       0x80 Middlewares\Third_Party\FreeRTOS\Source\portable\GCC\ARM_CM3\port.o
 .debug_ranges  0x00000840       0x38 Middlewares\Third_Party\FreeRTOS\Source\portable\MemMang\heap_4.o
 .debug_ranges  0x00000878       0xc0 Middlewares\Third_Party\FreeRTOS\Source\queue.o
 .debug_ranges  0x00000938      0x208 Middlewares\Third_Party\FreeRTOS\Source\tasks.o
 .debug_ranges  0x00000b40       0xb0 Src\main.o
 .debug_ranges  0x00000bf0       0x90 Src\stm32f1xx_hal_msp.o
 .debug_ranges  0x00000c80       0x40 Src\stm32f1xx_it.o
 .debug_ranges  0x00000cc0       0xa0 Src\syscalls.o
 .debug_ranges  0x00000d60       0x80 Src\tiny_printf.o

.debug_loc      0x00000000     0x78a3
 .debug_loc     0x00000000       0xaa Drivers\CMSIS\Device\ST\STM32F1xx\Source\Templates\system_stm32f1xx.o
 .debug_loc     0x000000aa       0x73 Drivers\STM32F1xx_HAL_Driver\Src\stm32f1xx_hal.o
 .debug_loc     0x0000011d      0xa10 Drivers\STM32F1xx_HAL_Driver\Src\stm32f1xx_hal_adc.o
 .debug_loc     0x00000b2d      0x48f Drivers\STM32F1xx_HAL_Driver\Src\stm32f1xx_hal_cortex.o
 .debug_loc     0x00000fbc      0x2e8 Drivers\STM32F1xx_HAL_Driver\Src\stm32f1xx_hal_gpio.o
 .debug_loc     0x000012a4       0xb3 Drivers\STM32F1xx_HAL_Driver\Src\stm32f1xx_hal_iwdg.o
 .debug_loc     0x00001357      0x8a9 Drivers\STM32F1xx_HAL_Driver\Src\stm32f1xx_hal_rcc.o
 .debug_loc     0x00001c00      0x268 Drivers\STM32F1xx_HAL_Driver\Src\stm32f1xx_hal_rcc_ex.o
 .debug_loc     0x00001e68      0xd82 Drivers\STM32F1xx_HAL_Driver\Src\stm32f1xx_hal_uart.o
 .debug_loc     0x00002bea      0xf81 Middlewares\Third_Party\FreeRTOS\Source\CMSIS_RTOS\cmsis_os.o
 .debug_loc     0x00003b6b       0x94 Middlewares\Third_Party\FreeRTOS\Source\list.o
 .debug_loc     0x00003bff       0x8c Middlewares\Third_Party\FreeRTOS\Source\portable\GCC\ARM_CM3\port.o
 .debug_loc     0x00003c8b      0x48d Middlewares\Third_Party\FreeRTOS\Source\portable\MemMang\heap_4.o
 .debug_loc     0x00004118     0x118a Middlewares\Third_Party\FreeRTOS\Source\queue.o
 .debug_loc     0x000052a2     0x1b52 Middlewares\Third_Party\FreeRTOS\Source\tasks.o
 .debug_loc     0x00006df4       0xc4 Src\main.o
 .debug_loc     0x00006eb8       0x9a Src\stm32f1xx_hal_msp.o
 .debug_loc     0x00006f52      0x32d Src\syscalls.o
 .debug_loc     0x0000727f      0x624 Src\tiny_printf.o

.debug_str      0x00000000     0x40bc
 .debug_str     0x00000000      0x29d Drivers\CMSIS\Device\ST\STM32F1xx\Source\Templates\system_stm32f1xx.o
                                0x2f5 (size before relaxing)
 .debug_str     0x0000029d      0x4db Drivers\STM32F1xx_HAL_Driver\Src\stm32f1xx_hal.o
                                0x6ca (size before relaxing)
 .debug_str     0x00000778      0x5d8 Drivers\STM32F1xx_HAL_Driver\Src\stm32f1xx_hal_adc.o
                                0x851 (size before relaxing)
 .debug_str     0x00000d50      0x27a Drivers\STM32F1xx_HAL_Driver\Src\stm32f1xx_hal_cortex.o
                                0x834 (size before relaxing)
 .debug_str     0x00000fca      0x1d6 Drivers\STM32F1xx_HAL_Driver\Src\stm32f1xx_hal_gpio.o
                                0x41f (size before relaxing)
 .debug_str     0x000011a0      0x152 Drivers\STM32F1xx_HAL_Driver\Src\stm32f1xx_hal_iwdg.o
                                0x37f (size before relaxing)
 .debug_str     0x000012f2      0x2d9 Drivers\STM32F1xx_HAL_Driver\Src\stm32f1xx_hal_rcc.o
                                0x623 (size before relaxing)
 .debug_str     0x000015cb       0xf6 Drivers\STM32F1xx_HAL_Driver\Src\stm32f1xx_hal_rcc_ex.o
                                0x399 (size before relaxing)
 .debug_str     0x000016c1      0x49c Drivers\STM32F1xx_HAL_Driver\Src\stm32f1xx_hal_uart.o
                                0x90b (size before relaxing)
 .debug_str     0x00001b5d      0xa42 Middlewares\Third_Party\FreeRTOS\Source\CMSIS_RTOS\cmsis_os.o
                                0xc8e (size before relaxing)
 .debug_str     0x0000259f      0x14f Middlewares\Third_Party\FreeRTOS\Source\list.o
                                0x2ea (size before relaxing)
 .debug_str     0x000026ee      0x20b Middlewares\Third_Party\FreeRTOS\Source\portable\GCC\ARM_CM3\port.o
                                0x44a (size before relaxing)
 .debug_str     0x000028f9      0x1e8 Middlewares\Third_Party\FreeRTOS\Source\portable\MemMang\heap_4.o
                                0x3cb (size before relaxing)
 .debug_str     0x00002ae1      0x493 Middlewares\Third_Party\FreeRTOS\Source\queue.o
                                0x89c (size before relaxing)
 .debug_str     0x00002f74      0x866 Middlewares\Third_Party\FreeRTOS\Source\tasks.o
                                0xf5e (size before relaxing)
 .debug_str     0x000037da      0x1d1 Src\main.o
                               0x11ba (size before relaxing)
 .debug_str     0x000039ab       0x6d Src\stm32f1xx_hal_msp.o
                                0x9f4 (size before relaxing)
 .debug_str     0x00003a18       0x91 Src\stm32f1xx_it.o
                                0x5d8 (size before relaxing)
 .debug_str     0x00003aa9      0x1fc Src\syscalls.o
                                0x77b (size before relaxing)
 .debug_str     0x00003ca5      0x417 Src\tiny_printf.o
                                0x5eb (size before relaxing)

.comment        0x00000000       0x7e
 .comment       0x00000000       0x7e Drivers\CMSIS\Device\ST\STM32F1xx\Source\Templates\system_stm32f1xx.o
                                 0x7f (size before relaxing)
 .comment       0x0000007e       0x7f Drivers\STM32F1xx_HAL_Driver\Src\stm32f1xx_hal.o
 .comment       0x0000007e       0x7f Drivers\STM32F1xx_HAL_Driver\Src\stm32f1xx_hal_adc.o
 .comment       0x0000007e       0x7f Drivers\STM32F1xx_HAL_Driver\Src\stm32f1xx_hal_cortex.o
 .comment       0x0000007e       0x7f Drivers\STM32F1xx_HAL_Driver\Src\stm32f1xx_hal_gpio.o
 .comment       0x0000007e       0x7f Drivers\STM32F1xx_HAL_Driver\Src\stm32f1xx_hal_iwdg.o
 .comment       0x0000007e       0x7f Drivers\STM32F1xx_HAL_Driver\Src\stm32f1xx_hal_rcc.o
 .comment       0x0000007e       0x7f Drivers\STM32F1xx_HAL_Driver\Src\stm32f1xx_hal_rcc_ex.o
 .comment       0x0000007e       0x7f Drivers\STM32F1xx_HAL_Driver\Src\stm32f1xx_hal_uart.o
 .comment       0x0000007e       0x7f Middlewares\Third_Party\FreeRTOS\Source\CMSIS_RTOS\cmsis_os.o
 .comment       0x0000007e       0x7f Middlewares\Third_Party\FreeRTOS\Source\list.o
 .comment       0x0000007e       0x7f Middlewares\Third_Party\FreeRTOS\Source\portable\GCC\ARM_CM3\port.o
 .comment       0x0000007e       0x7f Middlewares\Third_Party\FreeRTOS\Source\portable\MemMang\heap_4.o
 .comment       0x0000007e       0x7f Middlewares\Third_Party\FreeRTOS\Source\queue.o
 .comment       0x0000007e       0x7f Middlewares\Third_Party\FreeRTOS\Source\tasks.o
 .comment       0x0000007e       0x7f Src\main.o
 .comment       0x0000007e       0x7f Src\stm32f1xx_hal_msp.o
 .comment       0x0000007e       0x7f Src\stm32f1xx_it.o
 .comment       0x0000007e       0x7f Src\syscalls.o
 .comment       0x0000007e       0x7f Src\tiny_printf.o

.debug_frame    0x00000000     0x1f34
 .debug_frame   0x00000000       0x30 Drivers\CMSIS\Device\ST\STM32F1xx\Source\Templates\system_stm32f1xx.o
 .debug_frame   0x00000030      0x164 Drivers\STM32F1xx_HAL_Driver\Src\stm32f1xx_hal.o
 .debug_frame   0x00000194      0x294 Drivers\STM32F1xx_HAL_Driver\Src\stm32f1xx_hal_adc.o
 .debug_frame   0x00000428      0x120 Drivers\STM32F1xx_HAL_Driver\Src\stm32f1xx_hal_cortex.o
 .debug_frame   0x00000548       0xd4 Drivers\STM32F1xx_HAL_Driver\Src\stm32f1xx_hal_gpio.o
 .debug_frame   0x0000061c       0x74 Drivers\STM32F1xx_HAL_Driver\Src\stm32f1xx_hal_iwdg.o
 .debug_frame   0x00000690      0x14c Drivers\STM32F1xx_HAL_Driver\Src\stm32f1xx_hal_rcc.o
 .debug_frame   0x000007dc       0x60 Drivers\STM32F1xx_HAL_Driver\Src\stm32f1xx_hal_rcc_ex.o
 .debug_frame   0x0000083c      0x318 Drivers\STM32F1xx_HAL_Driver\Src\stm32f1xx_hal_uart.o
 .debug_frame   0x00000b54      0x468 Middlewares\Third_Party\FreeRTOS\Source\CMSIS_RTOS\cmsis_os.o
 .debug_frame   0x00000fbc       0x6c Middlewares\Third_Party\FreeRTOS\Source\list.o
 .debug_frame   0x00001028      0x144 Middlewares\Third_Party\FreeRTOS\Source\portable\GCC\ARM_CM3\port.o
 .debug_frame   0x0000116c       0x98 Middlewares\Third_Party\FreeRTOS\Source\portable\MemMang\heap_4.o
 .debug_frame   0x00001204      0x288 Middlewares\Third_Party\FreeRTOS\Source\queue.o
 .debug_frame   0x0000148c      0x564 Middlewares\Third_Party\FreeRTOS\Source\tasks.o
 .debug_frame   0x000019f0       0xe8 Src\main.o
 .debug_frame   0x00001ad8       0x90 Src\stm32f1xx_hal_msp.o
 .debug_frame   0x00001b68       0x9c Src\stm32f1xx_it.o
 .debug_frame   0x00001c04      0x154 Src\syscalls.o
 .debug_frame   0x00001d58      0x168 Src\tiny_printf.o
 .debug_frame   0x00001ec0       0x2c e:/program/truestudio for arm 6.0.0/armtools/bin/../lib/gcc/arm-atollic-eabi/5.3.1/../../../../arm-atollic-eabi/lib/armv7-m\libc.a(lib_a-init.o)
 .debug_frame   0x00001eec       0x28 e:/program/truestudio for arm 6.0.0/armtools/bin/../lib/gcc/arm-atollic-eabi/5.3.1/../../../../arm-atollic-eabi/lib/armv7-m\libc.a(lib_a-memcpy-stub.o)
 .debug_frame   0x00001f14       0x20 e:/program/truestudio for arm 6.0.0/armtools/bin/../lib/gcc/arm-atollic-eabi/5.3.1/../../../../arm-atollic-eabi/lib/armv7-m\libc.a(lib_a-memset.o)

Cross Reference Table

Symbol                                            File
ADC1_IRQHandler                                   Drivers\CMSIS\Device\ST\STM32F1xx\Source\Templates\gcc\startup_stm32f101xb.o
ADC_ConversionStop_Disable                        Drivers\STM32F1xx_HAL_Driver\Src\stm32f1xx_hal_adc.o
                                                  Drivers\STM32F1xx_HAL_Driver\Src\stm32f1xx_hal_adc_ex.o
ADC_DMAConvCplt                                   Drivers\STM32F1xx_HAL_Driver\Src\stm32f1xx_hal_adc.o
ADC_DMAError                                      Drivers\STM32F1xx_HAL_Driver\Src\stm32f1xx_hal_adc.o
ADC_DMAHalfConvCplt                               Drivers\STM32F1xx_HAL_Driver\Src\stm32f1xx_hal_adc.o
ADC_Enable                                        Drivers\STM32F1xx_HAL_Driver\Src\stm32f1xx_hal_adc.o
                                                  Drivers\STM32F1xx_HAL_Driver\Src\stm32f1xx_hal_adc_ex.o
AHBPrescTable                                     Drivers\CMSIS\Device\ST\STM32F1xx\Source\Templates\system_stm32f1xx.o
                                                  Drivers\STM32F1xx_HAL_Driver\Src\stm32f1xx_hal_rcc.o
APBPrescTable                                     Drivers\CMSIS\Device\ST\STM32F1xx\Source\Templates\system_stm32f1xx.o
                                                  Drivers\STM32F1xx_HAL_Driver\Src\stm32f1xx_hal_rcc.o
BusFault_Handler                                  Src\stm32f1xx_it.o
                                                  Drivers\CMSIS\Device\ST\STM32F1xx\Source\Templates\gcc\startup_stm32f101xb.o
DMA1_Channel1_IRQHandler                          Drivers\CMSIS\Device\ST\STM32F1xx\Source\Templates\gcc\startup_stm32f101xb.o
DMA1_Channel2_IRQHandler                          Drivers\CMSIS\Device\ST\STM32F1xx\Source\Templates\gcc\startup_stm32f101xb.o
DMA1_Channel3_IRQHandler                          Drivers\CMSIS\Device\ST\STM32F1xx\Source\Templates\gcc\startup_stm32f101xb.o
DMA1_Channel4_IRQHandler                          Drivers\CMSIS\Device\ST\STM32F1xx\Source\Templates\gcc\startup_stm32f101xb.o
DMA1_Channel5_IRQHandler                          Drivers\CMSIS\Device\ST\STM32F1xx\Source\Templates\gcc\startup_stm32f101xb.o
DMA1_Channel6_IRQHandler                          Drivers\CMSIS\Device\ST\STM32F1xx\Source\Templates\gcc\startup_stm32f101xb.o
DMA1_Channel7_IRQHandler                          Drivers\CMSIS\Device\ST\STM32F1xx\Source\Templates\gcc\startup_stm32f101xb.o
DebugMon_Handler                                  Src\stm32f1xx_it.o
                                                  Drivers\CMSIS\Device\ST\STM32F1xx\Source\Templates\gcc\startup_stm32f101xb.o
Default_Handler                                   Drivers\CMSIS\Device\ST\STM32F1xx\Source\Templates\gcc\startup_stm32f101xb.o
EXTI0_IRQHandler                                  Drivers\CMSIS\Device\ST\STM32F1xx\Source\Templates\gcc\startup_stm32f101xb.o
EXTI15_10_IRQHandler                              Drivers\CMSIS\Device\ST\STM32F1xx\Source\Templates\gcc\startup_stm32f101xb.o
EXTI1_IRQHandler                                  Drivers\CMSIS\Device\ST\STM32F1xx\Source\Templates\gcc\startup_stm32f101xb.o
EXTI2_IRQHandler                                  Drivers\CMSIS\Device\ST\STM32F1xx\Source\Templates\gcc\startup_stm32f101xb.o
EXTI3_IRQHandler                                  Drivers\CMSIS\Device\ST\STM32F1xx\Source\Templates\gcc\startup_stm32f101xb.o
EXTI4_IRQHandler                                  Drivers\CMSIS\Device\ST\STM32F1xx\Source\Templates\gcc\startup_stm32f101xb.o
EXTI9_5_IRQHandler                                Drivers\CMSIS\Device\ST\STM32F1xx\Source\Templates\gcc\startup_stm32f101xb.o
Error_Handler                                     Src\main.o
FLASH_IRQHandler                                  Drivers\CMSIS\Device\ST\STM32F1xx\Source\Templates\gcc\startup_stm32f101xb.o
FLASH_PageErase                                   Drivers\STM32F1xx_HAL_Driver\Src\stm32f1xx_hal_flash_ex.o
                                                  Drivers\STM32F1xx_HAL_Driver\Src\stm32f1xx_hal_flash.o
FLASH_WaitForLastOperation                        Drivers\STM32F1xx_HAL_Driver\Src\stm32f1xx_hal_flash.o
                                                  Drivers\STM32F1xx_HAL_Driver\Src\stm32f1xx_hal_flash_ex.o
HAL_ADCEx_Calibration_Start                       Drivers\STM32F1xx_HAL_Driver\Src\stm32f1xx_hal_adc_ex.o
HAL_ADCEx_InjectedConfigChannel                   Drivers\STM32F1xx_HAL_Driver\Src\stm32f1xx_hal_adc_ex.o
HAL_ADCEx_InjectedConvCpltCallback                Drivers\STM32F1xx_HAL_Driver\Src\stm32f1xx_hal_adc_ex.o
                                                  Drivers\STM32F1xx_HAL_Driver\Src\stm32f1xx_hal_adc.o
HAL_ADCEx_InjectedGetValue                        Drivers\STM32F1xx_HAL_Driver\Src\stm32f1xx_hal_adc_ex.o
HAL_ADCEx_InjectedPollForConversion               Drivers\STM32F1xx_HAL_Driver\Src\stm32f1xx_hal_adc_ex.o
HAL_ADCEx_InjectedStart                           Drivers\STM32F1xx_HAL_Driver\Src\stm32f1xx_hal_adc_ex.o
HAL_ADCEx_InjectedStart_IT                        Drivers\STM32F1xx_HAL_Driver\Src\stm32f1xx_hal_adc_ex.o
HAL_ADCEx_InjectedStop                            Drivers\STM32F1xx_HAL_Driver\Src\stm32f1xx_hal_adc_ex.o
HAL_ADCEx_InjectedStop_IT                         Drivers\STM32F1xx_HAL_Driver\Src\stm32f1xx_hal_adc_ex.o
HAL_ADC_AnalogWDGConfig                           Drivers\STM32F1xx_HAL_Driver\Src\stm32f1xx_hal_adc.o
HAL_ADC_ConfigChannel                             Drivers\STM32F1xx_HAL_Driver\Src\stm32f1xx_hal_adc.o
                                                  Src\main.o
HAL_ADC_ConvCpltCallback                          Drivers\STM32F1xx_HAL_Driver\Src\stm32f1xx_hal_adc.o
HAL_ADC_ConvHalfCpltCallback                      Drivers\STM32F1xx_HAL_Driver\Src\stm32f1xx_hal_adc.o
HAL_ADC_DeInit                                    Drivers\STM32F1xx_HAL_Driver\Src\stm32f1xx_hal_adc.o
HAL_ADC_ErrorCallback                             Drivers\STM32F1xx_HAL_Driver\Src\stm32f1xx_hal_adc.o
HAL_ADC_GetError                                  Drivers\STM32F1xx_HAL_Driver\Src\stm32f1xx_hal_adc.o
HAL_ADC_GetState                                  Drivers\STM32F1xx_HAL_Driver\Src\stm32f1xx_hal_adc.o
HAL_ADC_GetValue                                  Drivers\STM32F1xx_HAL_Driver\Src\stm32f1xx_hal_adc.o
HAL_ADC_IRQHandler                                Drivers\STM32F1xx_HAL_Driver\Src\stm32f1xx_hal_adc.o
HAL_ADC_Init                                      Drivers\STM32F1xx_HAL_Driver\Src\stm32f1xx_hal_adc.o
                                                  Src\main.o
HAL_ADC_LevelOutOfWindowCallback                  Drivers\STM32F1xx_HAL_Driver\Src\stm32f1xx_hal_adc.o
HAL_ADC_MspDeInit                                 Src\stm32f1xx_hal_msp.o
                                                  Drivers\STM32F1xx_HAL_Driver\Src\stm32f1xx_hal_adc.o
HAL_ADC_MspInit                                   Src\stm32f1xx_hal_msp.o
                                                  Drivers\STM32F1xx_HAL_Driver\Src\stm32f1xx_hal_adc.o
HAL_ADC_PollForConversion                         Drivers\STM32F1xx_HAL_Driver\Src\stm32f1xx_hal_adc.o
HAL_ADC_PollForEvent                              Drivers\STM32F1xx_HAL_Driver\Src\stm32f1xx_hal_adc.o
HAL_ADC_Start                                     Drivers\STM32F1xx_HAL_Driver\Src\stm32f1xx_hal_adc.o
HAL_ADC_Start_DMA                                 Drivers\STM32F1xx_HAL_Driver\Src\stm32f1xx_hal_adc.o
HAL_ADC_Start_IT                                  Drivers\STM32F1xx_HAL_Driver\Src\stm32f1xx_hal_adc.o
HAL_ADC_Stop                                      Drivers\STM32F1xx_HAL_Driver\Src\stm32f1xx_hal_adc.o
HAL_ADC_Stop_DMA                                  Drivers\STM32F1xx_HAL_Driver\Src\stm32f1xx_hal_adc.o
HAL_ADC_Stop_IT                                   Drivers\STM32F1xx_HAL_Driver\Src\stm32f1xx_hal_adc.o
HAL_DBGMCU_DisableDBGSleepMode                    Drivers\STM32F1xx_HAL_Driver\Src\stm32f1xx_hal.o
HAL_DBGMCU_DisableDBGStandbyMode                  Drivers\STM32F1xx_HAL_Driver\Src\stm32f1xx_hal.o
HAL_DBGMCU_DisableDBGStopMode                     Drivers\STM32F1xx_HAL_Driver\Src\stm32f1xx_hal.o
HAL_DBGMCU_EnableDBGSleepMode                     Drivers\STM32F1xx_HAL_Driver\Src\stm32f1xx_hal.o
HAL_DBGMCU_EnableDBGStandbyMode                   Drivers\STM32F1xx_HAL_Driver\Src\stm32f1xx_hal.o
HAL_DBGMCU_EnableDBGStopMode                      Drivers\STM32F1xx_HAL_Driver\Src\stm32f1xx_hal.o
HAL_DMA_Abort                                     Drivers\STM32F1xx_HAL_Driver\Src\stm32f1xx_hal_dma.o
                                                  Drivers\STM32F1xx_HAL_Driver\Src\stm32f1xx_hal_uart.o
                                                  Drivers\STM32F1xx_HAL_Driver\Src\stm32f1xx_hal_adc.o
HAL_DMA_DeInit                                    Drivers\STM32F1xx_HAL_Driver\Src\stm32f1xx_hal_dma.o
HAL_DMA_GetError                                  Drivers\STM32F1xx_HAL_Driver\Src\stm32f1xx_hal_dma.o
HAL_DMA_GetState                                  Drivers\STM32F1xx_HAL_Driver\Src\stm32f1xx_hal_dma.o
HAL_DMA_IRQHandler                                Drivers\STM32F1xx_HAL_Driver\Src\stm32f1xx_hal_dma.o
HAL_DMA_Init                                      Drivers\STM32F1xx_HAL_Driver\Src\stm32f1xx_hal_dma.o
HAL_DMA_PollForTransfer                           Drivers\STM32F1xx_HAL_Driver\Src\stm32f1xx_hal_dma.o
HAL_DMA_Start                                     Drivers\STM32F1xx_HAL_Driver\Src\stm32f1xx_hal_dma.o
HAL_DMA_Start_IT                                  Drivers\STM32F1xx_HAL_Driver\Src\stm32f1xx_hal_dma.o
                                                  Drivers\STM32F1xx_HAL_Driver\Src\stm32f1xx_hal_uart.o
                                                  Drivers\STM32F1xx_HAL_Driver\Src\stm32f1xx_hal_adc.o
HAL_DeInit                                        Drivers\STM32F1xx_HAL_Driver\Src\stm32f1xx_hal.o
HAL_Delay                                         Drivers\STM32F1xx_HAL_Driver\Src\stm32f1xx_hal.o
                                                  Drivers\STM32F1xx_HAL_Driver\Src\stm32f1xx_hal_rcc.o
HAL_FLASHEx_Erase                                 Drivers\STM32F1xx_HAL_Driver\Src\stm32f1xx_hal_flash_ex.o
HAL_FLASHEx_Erase_IT                              Drivers\STM32F1xx_HAL_Driver\Src\stm32f1xx_hal_flash_ex.o
HAL_FLASHEx_OBErase                               Drivers\STM32F1xx_HAL_Driver\Src\stm32f1xx_hal_flash_ex.o
HAL_FLASHEx_OBGetConfig                           Drivers\STM32F1xx_HAL_Driver\Src\stm32f1xx_hal_flash_ex.o
HAL_FLASHEx_OBGetUserData                         Drivers\STM32F1xx_HAL_Driver\Src\stm32f1xx_hal_flash_ex.o
HAL_FLASHEx_OBProgram                             Drivers\STM32F1xx_HAL_Driver\Src\stm32f1xx_hal_flash_ex.o
HAL_FLASH_EndOfOperationCallback                  Drivers\STM32F1xx_HAL_Driver\Src\stm32f1xx_hal_flash.o
HAL_FLASH_GetError                                Drivers\STM32F1xx_HAL_Driver\Src\stm32f1xx_hal_flash.o
HAL_FLASH_IRQHandler                              Drivers\STM32F1xx_HAL_Driver\Src\stm32f1xx_hal_flash.o
HAL_FLASH_Lock                                    Drivers\STM32F1xx_HAL_Driver\Src\stm32f1xx_hal_flash.o
HAL_FLASH_OB_Launch                               Drivers\STM32F1xx_HAL_Driver\Src\stm32f1xx_hal_flash.o
HAL_FLASH_OB_Lock                                 Drivers\STM32F1xx_HAL_Driver\Src\stm32f1xx_hal_flash.o
HAL_FLASH_OB_Unlock                               Drivers\STM32F1xx_HAL_Driver\Src\stm32f1xx_hal_flash.o
HAL_FLASH_OperationErrorCallback                  Drivers\STM32F1xx_HAL_Driver\Src\stm32f1xx_hal_flash.o
HAL_FLASH_Program                                 Drivers\STM32F1xx_HAL_Driver\Src\stm32f1xx_hal_flash.o
HAL_FLASH_Program_IT                              Drivers\STM32F1xx_HAL_Driver\Src\stm32f1xx_hal_flash.o
HAL_FLASH_Unlock                                  Drivers\STM32F1xx_HAL_Driver\Src\stm32f1xx_hal_flash.o
HAL_GPIOEx_ConfigEventout                         Drivers\STM32F1xx_HAL_Driver\Src\stm32f1xx_hal_gpio_ex.o
HAL_GPIOEx_DisableEventout                        Drivers\STM32F1xx_HAL_Driver\Src\stm32f1xx_hal_gpio_ex.o
HAL_GPIOEx_EnableEventout                         Drivers\STM32F1xx_HAL_Driver\Src\stm32f1xx_hal_gpio_ex.o
HAL_GPIO_DeInit                                   Drivers\STM32F1xx_HAL_Driver\Src\stm32f1xx_hal_gpio.o
                                                  Src\stm32f1xx_hal_msp.o
HAL_GPIO_EXTI_Callback                            Drivers\STM32F1xx_HAL_Driver\Src\stm32f1xx_hal_gpio.o
HAL_GPIO_EXTI_IRQHandler                          Drivers\STM32F1xx_HAL_Driver\Src\stm32f1xx_hal_gpio.o
HAL_GPIO_Init                                     Drivers\STM32F1xx_HAL_Driver\Src\stm32f1xx_hal_gpio.o
                                                  Src\stm32f1xx_hal_msp.o
                                                  Src\main.o
                                                  Drivers\STM32F1xx_HAL_Driver\Src\stm32f1xx_hal_rcc.o
HAL_GPIO_LockPin                                  Drivers\STM32F1xx_HAL_Driver\Src\stm32f1xx_hal_gpio.o
HAL_GPIO_ReadPin                                  Drivers\STM32F1xx_HAL_Driver\Src\stm32f1xx_hal_gpio.o
HAL_GPIO_TogglePin                                Drivers\STM32F1xx_HAL_Driver\Src\stm32f1xx_hal_gpio.o
HAL_GPIO_WritePin                                 Drivers\STM32F1xx_HAL_Driver\Src\stm32f1xx_hal_gpio.o
                                                  Src\main.o
HAL_GetDEVID                                      Drivers\STM32F1xx_HAL_Driver\Src\stm32f1xx_hal.o
HAL_GetHalVersion                                 Drivers\STM32F1xx_HAL_Driver\Src\stm32f1xx_hal.o
HAL_GetREVID                                      Drivers\STM32F1xx_HAL_Driver\Src\stm32f1xx_hal.o
HAL_GetTick                                       Drivers\STM32F1xx_HAL_Driver\Src\stm32f1xx_hal.o
                                                  Drivers\STM32F1xx_HAL_Driver\Src\stm32f1xx_hal_uart.o
                                                  Drivers\STM32F1xx_HAL_Driver\Src\stm32f1xx_hal_rcc_ex.o
                                                  Drivers\STM32F1xx_HAL_Driver\Src\stm32f1xx_hal_rcc.o
                                                  Drivers\STM32F1xx_HAL_Driver\Src\stm32f1xx_hal_iwdg.o
                                                  Drivers\STM32F1xx_HAL_Driver\Src\stm32f1xx_hal_flash.o
                                                  Drivers\STM32F1xx_HAL_Driver\Src\stm32f1xx_hal_dma.o
                                                  Drivers\STM32F1xx_HAL_Driver\Src\stm32f1xx_hal_adc_ex.o
                                                  Drivers\STM32F1xx_HAL_Driver\Src\stm32f1xx_hal_adc.o
HAL_HalfDuplex_EnableReceiver                     Drivers\STM32F1xx_HAL_Driver\Src\stm32f1xx_hal_uart.o
HAL_HalfDuplex_EnableTransmitter                  Drivers\STM32F1xx_HAL_Driver\Src\stm32f1xx_hal_uart.o
HAL_HalfDuplex_Init                               Drivers\STM32F1xx_HAL_Driver\Src\stm32f1xx_hal_uart.o
HAL_IWDG_GetState                                 Drivers\STM32F1xx_HAL_Driver\Src\stm32f1xx_hal_iwdg.o
HAL_IWDG_Init                                     Drivers\STM32F1xx_HAL_Driver\Src\stm32f1xx_hal_iwdg.o
                                                  Src\main.o
HAL_IWDG_MspInit                                  Drivers\STM32F1xx_HAL_Driver\Src\stm32f1xx_hal_iwdg.o
HAL_IWDG_Refresh                                  Drivers\STM32F1xx_HAL_Driver\Src\stm32f1xx_hal_iwdg.o
HAL_IWDG_Start                                    Drivers\STM32F1xx_HAL_Driver\Src\stm32f1xx_hal_iwdg.o
HAL_IncTick                                       Drivers\STM32F1xx_HAL_Driver\Src\stm32f1xx_hal.o
                                                  Src\stm32f1xx_it.o
HAL_Init                                          Drivers\STM32F1xx_HAL_Driver\Src\stm32f1xx_hal.o
                                                  Src\main.o
HAL_InitTick                                      Drivers\STM32F1xx_HAL_Driver\Src\stm32f1xx_hal.o
                                                  Drivers\STM32F1xx_HAL_Driver\Src\stm32f1xx_hal_rcc.o
HAL_LIN_Init                                      Drivers\STM32F1xx_HAL_Driver\Src\stm32f1xx_hal_uart.o
HAL_LIN_SendBreak                                 Drivers\STM32F1xx_HAL_Driver\Src\stm32f1xx_hal_uart.o
HAL_MspDeInit                                     Drivers\STM32F1xx_HAL_Driver\Src\stm32f1xx_hal.o
HAL_MspInit                                       Src\stm32f1xx_hal_msp.o
                                                  Drivers\STM32F1xx_HAL_Driver\Src\stm32f1xx_hal.o
HAL_MultiProcessor_EnterMuteMode                  Drivers\STM32F1xx_HAL_Driver\Src\stm32f1xx_hal_uart.o
HAL_MultiProcessor_ExitMuteMode                   Drivers\STM32F1xx_HAL_Driver\Src\stm32f1xx_hal_uart.o
HAL_MultiProcessor_Init                           Drivers\STM32F1xx_HAL_Driver\Src\stm32f1xx_hal_uart.o
HAL_NVIC_ClearPendingIRQ                          Drivers\STM32F1xx_HAL_Driver\Src\stm32f1xx_hal_cortex.o
HAL_NVIC_DisableIRQ                               Drivers\STM32F1xx_HAL_Driver\Src\stm32f1xx_hal_cortex.o
                                                  Src\stm32f1xx_hal_msp.o
HAL_NVIC_EnableIRQ                                Drivers\STM32F1xx_HAL_Driver\Src\stm32f1xx_hal_cortex.o
                                                  Src\stm32f1xx_hal_msp.o
HAL_NVIC_GetActive                                Drivers\STM32F1xx_HAL_Driver\Src\stm32f1xx_hal_cortex.o
HAL_NVIC_GetPendingIRQ                            Drivers\STM32F1xx_HAL_Driver\Src\stm32f1xx_hal_cortex.o
HAL_NVIC_GetPriority                              Drivers\STM32F1xx_HAL_Driver\Src\stm32f1xx_hal_cortex.o
HAL_NVIC_GetPriorityGrouping                      Drivers\STM32F1xx_HAL_Driver\Src\stm32f1xx_hal_cortex.o
HAL_NVIC_SetPendingIRQ                            Drivers\STM32F1xx_HAL_Driver\Src\stm32f1xx_hal_cortex.o
HAL_NVIC_SetPriority                              Drivers\STM32F1xx_HAL_Driver\Src\stm32f1xx_hal_cortex.o
                                                  Src\stm32f1xx_hal_msp.o
                                                  Src\main.o
                                                  Drivers\STM32F1xx_HAL_Driver\Src\stm32f1xx_hal.o
HAL_NVIC_SetPriorityGrouping                      Drivers\STM32F1xx_HAL_Driver\Src\stm32f1xx_hal_cortex.o
                                                  Src\stm32f1xx_hal_msp.o
                                                  Drivers\STM32F1xx_HAL_Driver\Src\stm32f1xx_hal.o
HAL_NVIC_SystemReset                              Drivers\STM32F1xx_HAL_Driver\Src\stm32f1xx_hal_cortex.o
                                                  Drivers\STM32F1xx_HAL_Driver\Src\stm32f1xx_hal_flash.o
HAL_PWR_ConfigPVD                                 Drivers\STM32F1xx_HAL_Driver\Src\stm32f1xx_hal_pwr.o
HAL_PWR_DeInit                                    Drivers\STM32F1xx_HAL_Driver\Src\stm32f1xx_hal_pwr.o
HAL_PWR_DisableBkUpAccess                         Drivers\STM32F1xx_HAL_Driver\Src\stm32f1xx_hal_pwr.o
HAL_PWR_DisablePVD                                Drivers\STM32F1xx_HAL_Driver\Src\stm32f1xx_hal_pwr.o
HAL_PWR_DisableSEVOnPend                          Drivers\STM32F1xx_HAL_Driver\Src\stm32f1xx_hal_pwr.o
HAL_PWR_DisableSleepOnExit                        Drivers\STM32F1xx_HAL_Driver\Src\stm32f1xx_hal_pwr.o
HAL_PWR_DisableWakeUpPin                          Drivers\STM32F1xx_HAL_Driver\Src\stm32f1xx_hal_pwr.o
HAL_PWR_EnableBkUpAccess                          Drivers\STM32F1xx_HAL_Driver\Src\stm32f1xx_hal_pwr.o
HAL_PWR_EnablePVD                                 Drivers\STM32F1xx_HAL_Driver\Src\stm32f1xx_hal_pwr.o
HAL_PWR_EnableSEVOnPend                           Drivers\STM32F1xx_HAL_Driver\Src\stm32f1xx_hal_pwr.o
HAL_PWR_EnableSleepOnExit                         Drivers\STM32F1xx_HAL_Driver\Src\stm32f1xx_hal_pwr.o
HAL_PWR_EnableWakeUpPin                           Drivers\STM32F1xx_HAL_Driver\Src\stm32f1xx_hal_pwr.o
HAL_PWR_EnterSLEEPMode                            Drivers\STM32F1xx_HAL_Driver\Src\stm32f1xx_hal_pwr.o
HAL_PWR_EnterSTANDBYMode                          Drivers\STM32F1xx_HAL_Driver\Src\stm32f1xx_hal_pwr.o
HAL_PWR_EnterSTOPMode                             Drivers\STM32F1xx_HAL_Driver\Src\stm32f1xx_hal_pwr.o
HAL_PWR_PVDCallback                               Drivers\STM32F1xx_HAL_Driver\Src\stm32f1xx_hal_pwr.o
HAL_PWR_PVD_IRQHandler                            Drivers\STM32F1xx_HAL_Driver\Src\stm32f1xx_hal_pwr.o
HAL_RCCEx_GetPeriphCLKConfig                      Drivers\STM32F1xx_HAL_Driver\Src\stm32f1xx_hal_rcc_ex.o
HAL_RCCEx_GetPeriphCLKFreq                        Drivers\STM32F1xx_HAL_Driver\Src\stm32f1xx_hal_rcc_ex.o
                                                  Drivers\STM32F1xx_HAL_Driver\Src\stm32f1xx_hal_adc_ex.o
                                                  Drivers\STM32F1xx_HAL_Driver\Src\stm32f1xx_hal_adc.o
HAL_RCCEx_PeriphCLKConfig                         Drivers\STM32F1xx_HAL_Driver\Src\stm32f1xx_hal_rcc_ex.o
                                                  Src\main.o
HAL_RCC_CSSCallback                               Drivers\STM32F1xx_HAL_Driver\Src\stm32f1xx_hal_rcc.o
HAL_RCC_ClockConfig                               Drivers\STM32F1xx_HAL_Driver\Src\stm32f1xx_hal_rcc.o
                                                  Src\main.o
HAL_RCC_DeInit                                    Drivers\STM32F1xx_HAL_Driver\Src\stm32f1xx_hal_rcc.o
HAL_RCC_DisableCSS                                Drivers\STM32F1xx_HAL_Driver\Src\stm32f1xx_hal_rcc.o
HAL_RCC_EnableCSS                                 Drivers\STM32F1xx_HAL_Driver\Src\stm32f1xx_hal_rcc.o
HAL_RCC_GetClockConfig                            Drivers\STM32F1xx_HAL_Driver\Src\stm32f1xx_hal_rcc.o
HAL_RCC_GetHCLKFreq                               Drivers\STM32F1xx_HAL_Driver\Src\stm32f1xx_hal_rcc.o
                                                  Src\main.o
                                                  Drivers\STM32F1xx_HAL_Driver\Src\stm32f1xx_hal.o
HAL_RCC_GetOscConfig                              Drivers\STM32F1xx_HAL_Driver\Src\stm32f1xx_hal_rcc.o
HAL_RCC_GetPCLK1Freq                              Drivers\STM32F1xx_HAL_Driver\Src\stm32f1xx_hal_rcc.o
                                                  Drivers\STM32F1xx_HAL_Driver\Src\stm32f1xx_hal_uart.o
HAL_RCC_GetPCLK2Freq                              Drivers\STM32F1xx_HAL_Driver\Src\stm32f1xx_hal_rcc.o
                                                  Drivers\STM32F1xx_HAL_Driver\Src\stm32f1xx_hal_uart.o
                                                  Drivers\STM32F1xx_HAL_Driver\Src\stm32f1xx_hal_rcc_ex.o
HAL_RCC_GetSysClockFreq                           Drivers\STM32F1xx_HAL_Driver\Src\stm32f1xx_hal_rcc.o
HAL_RCC_MCOConfig                                 Drivers\STM32F1xx_HAL_Driver\Src\stm32f1xx_hal_rcc.o
HAL_RCC_NMI_IRQHandler                            Drivers\STM32F1xx_HAL_Driver\Src\stm32f1xx_hal_rcc.o
HAL_RCC_OscConfig                                 Drivers\STM32F1xx_HAL_Driver\Src\stm32f1xx_hal_rcc.o
                                                  Src\main.o
HAL_ResumeTick                                    Drivers\STM32F1xx_HAL_Driver\Src\stm32f1xx_hal.o
HAL_SYSTICK_CLKSourceConfig                       Drivers\STM32F1xx_HAL_Driver\Src\stm32f1xx_hal_cortex.o
                                                  Src\main.o
HAL_SYSTICK_Callback                              Drivers\STM32F1xx_HAL_Driver\Src\stm32f1xx_hal_cortex.o
HAL_SYSTICK_Config                                Drivers\STM32F1xx_HAL_Driver\Src\stm32f1xx_hal_cortex.o
                                                  Src\main.o
                                                  Drivers\STM32F1xx_HAL_Driver\Src\stm32f1xx_hal.o
HAL_SYSTICK_IRQHandler                            Drivers\STM32F1xx_HAL_Driver\Src\stm32f1xx_hal_cortex.o
HAL_SuspendTick                                   Drivers\STM32F1xx_HAL_Driver\Src\stm32f1xx_hal.o
HAL_UART_DMAPause                                 Drivers\STM32F1xx_HAL_Driver\Src\stm32f1xx_hal_uart.o
HAL_UART_DMAResume                                Drivers\STM32F1xx_HAL_Driver\Src\stm32f1xx_hal_uart.o
HAL_UART_DMAStop                                  Drivers\STM32F1xx_HAL_Driver\Src\stm32f1xx_hal_uart.o
HAL_UART_DeInit                                   Drivers\STM32F1xx_HAL_Driver\Src\stm32f1xx_hal_uart.o
HAL_UART_ErrorCallback                            Drivers\STM32F1xx_HAL_Driver\Src\stm32f1xx_hal_uart.o
HAL_UART_GetError                                 Drivers\STM32F1xx_HAL_Driver\Src\stm32f1xx_hal_uart.o
HAL_UART_GetState                                 Drivers\STM32F1xx_HAL_Driver\Src\stm32f1xx_hal_uart.o
HAL_UART_IRQHandler                               Drivers\STM32F1xx_HAL_Driver\Src\stm32f1xx_hal_uart.o
                                                  Src\stm32f1xx_it.o
HAL_UART_Init                                     Drivers\STM32F1xx_HAL_Driver\Src\stm32f1xx_hal_uart.o
                                                  Src\main.o
HAL_UART_MspDeInit                                Src\stm32f1xx_hal_msp.o
                                                  Drivers\STM32F1xx_HAL_Driver\Src\stm32f1xx_hal_uart.o
HAL_UART_MspInit                                  Src\stm32f1xx_hal_msp.o
                                                  Drivers\STM32F1xx_HAL_Driver\Src\stm32f1xx_hal_uart.o
HAL_UART_Receive                                  Drivers\STM32F1xx_HAL_Driver\Src\stm32f1xx_hal_uart.o
HAL_UART_Receive_DMA                              Drivers\STM32F1xx_HAL_Driver\Src\stm32f1xx_hal_uart.o
HAL_UART_Receive_IT                               Drivers\STM32F1xx_HAL_Driver\Src\stm32f1xx_hal_uart.o
                                                  Src\main.o
HAL_UART_RxCpltCallback                           Src\main.o
                                                  Drivers\STM32F1xx_HAL_Driver\Src\stm32f1xx_hal_uart.o
HAL_UART_RxHalfCpltCallback                       Drivers\STM32F1xx_HAL_Driver\Src\stm32f1xx_hal_uart.o
HAL_UART_Transmit                                 Drivers\STM32F1xx_HAL_Driver\Src\stm32f1xx_hal_uart.o
                                                  Src\syscalls.o
HAL_UART_Transmit_DMA                             Drivers\STM32F1xx_HAL_Driver\Src\stm32f1xx_hal_uart.o
HAL_UART_Transmit_IT                              Drivers\STM32F1xx_HAL_Driver\Src\stm32f1xx_hal_uart.o
                                                  Src\main.o
HAL_UART_TxCpltCallback                           Drivers\STM32F1xx_HAL_Driver\Src\stm32f1xx_hal_uart.o
HAL_UART_TxHalfCpltCallback                       Drivers\STM32F1xx_HAL_Driver\Src\stm32f1xx_hal_uart.o
HardFault_Handler                                 Src\stm32f1xx_it.o
                                                  Drivers\CMSIS\Device\ST\STM32F1xx\Source\Templates\gcc\startup_stm32f101xb.o
I2C1_ER_IRQHandler                                Drivers\CMSIS\Device\ST\STM32F1xx\Source\Templates\gcc\startup_stm32f101xb.o
I2C1_EV_IRQHandler                                Drivers\CMSIS\Device\ST\STM32F1xx\Source\Templates\gcc\startup_stm32f101xb.o
I2C2_ER_IRQHandler                                Drivers\CMSIS\Device\ST\STM32F1xx\Source\Templates\gcc\startup_stm32f101xb.o
I2C2_EV_IRQHandler                                Drivers\CMSIS\Device\ST\STM32F1xx\Source\Templates\gcc\startup_stm32f101xb.o
MemManage_Handler                                 Src\stm32f1xx_it.o
                                                  Drivers\CMSIS\Device\ST\STM32F1xx\Source\Templates\gcc\startup_stm32f101xb.o
NMI_Handler                                       Src\stm32f1xx_it.o
                                                  Drivers\CMSIS\Device\ST\STM32F1xx\Source\Templates\gcc\startup_stm32f101xb.o
PVD_IRQHandler                                    Drivers\CMSIS\Device\ST\STM32F1xx\Source\Templates\gcc\startup_stm32f101xb.o
PendSV_Handler                                    Middlewares\Third_Party\FreeRTOS\Source\portable\GCC\ARM_CM3\port.o
                                                  Drivers\CMSIS\Device\ST\STM32F1xx\Source\Templates\gcc\startup_stm32f101xb.o
RCC_IRQHandler                                    Drivers\CMSIS\Device\ST\STM32F1xx\Source\Templates\gcc\startup_stm32f101xb.o
RTC_Alarm_IRQHandler                              Drivers\CMSIS\Device\ST\STM32F1xx\Source\Templates\gcc\startup_stm32f101xb.o
RTC_IRQHandler                                    Drivers\CMSIS\Device\ST\STM32F1xx\Source\Templates\gcc\startup_stm32f101xb.o
Reset_Handler                                     Drivers\CMSIS\Device\ST\STM32F1xx\Source\Templates\gcc\startup_stm32f101xb.o
SPI1_IRQHandler                                   Drivers\CMSIS\Device\ST\STM32F1xx\Source\Templates\gcc\startup_stm32f101xb.o
SPI2_IRQHandler                                   Drivers\CMSIS\Device\ST\STM32F1xx\Source\Templates\gcc\startup_stm32f101xb.o
SVC_Handler                                       Middlewares\Third_Party\FreeRTOS\Source\portable\GCC\ARM_CM3\port.o
                                                  Drivers\CMSIS\Device\ST\STM32F1xx\Source\Templates\gcc\startup_stm32f101xb.o
StartDefaultTask                                  Src\main.o
SysTick_Handler                                   Src\stm32f1xx_it.o
                                                  Drivers\CMSIS\Device\ST\STM32F1xx\Source\Templates\gcc\startup_stm32f101xb.o
SystemClock_Config                                Src\main.o
SystemCoreClock                                   Drivers\CMSIS\Device\ST\STM32F1xx\Source\Templates\system_stm32f1xx.o
                                                  Middlewares\Third_Party\FreeRTOS\Source\portable\GCC\ARM_CM3\port.o
                                                  Drivers\STM32F1xx_HAL_Driver\Src\stm32f1xx_hal_rcc.o
                                                  Drivers\STM32F1xx_HAL_Driver\Src\stm32f1xx_hal_adc_ex.o
                                                  Drivers\STM32F1xx_HAL_Driver\Src\stm32f1xx_hal_adc.o
SystemCoreClockUpdate                             Drivers\CMSIS\Device\ST\STM32F1xx\Source\Templates\system_stm32f1xx.o
SystemInit                                        Drivers\CMSIS\Device\ST\STM32F1xx\Source\Templates\system_stm32f1xx.o
                                                  Drivers\CMSIS\Device\ST\STM32F1xx\Source\Templates\gcc\startup_stm32f101xb.o
TAMPER_IRQHandler                                 Drivers\CMSIS\Device\ST\STM32F1xx\Source\Templates\gcc\startup_stm32f101xb.o
TIM2_IRQHandler                                   Drivers\CMSIS\Device\ST\STM32F1xx\Source\Templates\gcc\startup_stm32f101xb.o
TIM3_IRQHandler                                   Drivers\CMSIS\Device\ST\STM32F1xx\Source\Templates\gcc\startup_stm32f101xb.o
TIM4_IRQHandler                                   Drivers\CMSIS\Device\ST\STM32F1xx\Source\Templates\gcc\startup_stm32f101xb.o
USART1_IRQHandler                                 Src\stm32f1xx_it.o
                                                  Drivers\CMSIS\Device\ST\STM32F1xx\Source\Templates\gcc\startup_stm32f101xb.o
USART2_IRQHandler                                 Drivers\CMSIS\Device\ST\STM32F1xx\Source\Templates\gcc\startup_stm32f101xb.o
USART3_IRQHandler                                 Drivers\CMSIS\Device\ST\STM32F1xx\Source\Templates\gcc\startup_stm32f101xb.o
UsageFault_Handler                                Src\stm32f1xx_it.o
                                                  Drivers\CMSIS\Device\ST\STM32F1xx\Source\Templates\gcc\startup_stm32f101xb.o
WWDG_IRQHandler                                   Drivers\CMSIS\Device\ST\STM32F1xx\Source\Templates\gcc\startup_stm32f101xb.o
_Min_Heap_Size                                    Src\syscalls.o
__aeabi_llsr                                      e:/program/truestudio for arm 6.0.0/armtools/bin/../lib/gcc/arm-atollic-eabi/5.3.1/armv7-m\libgcc.a(_lshrdi3.o)
                                                  Drivers\STM32F1xx_HAL_Driver\Src\stm32f1xx_hal_flash.o
__deregister_frame_info                           e:/program/truestudio for arm 6.0.0/armtools/bin/../lib/gcc/arm-atollic-eabi/5.3.1/armv7-m/crtbegin.o
__dso_handle                                      e:/program/truestudio for arm 6.0.0/armtools/bin/../lib/gcc/arm-atollic-eabi/5.3.1/armv7-m/crtbegin.o
__env                                             Src\syscalls.o
__init_array_end                                  e:/program/truestudio for arm 6.0.0/armtools/bin/../lib/gcc/arm-atollic-eabi/5.3.1/../../../../arm-atollic-eabi/lib/armv7-m\libc.a(lib_a-init.o)
__init_array_start                                e:/program/truestudio for arm 6.0.0/armtools/bin/../lib/gcc/arm-atollic-eabi/5.3.1/../../../../arm-atollic-eabi/lib/armv7-m\libc.a(lib_a-init.o)
__libc_init_array                                 e:/program/truestudio for arm 6.0.0/armtools/bin/../lib/gcc/arm-atollic-eabi/5.3.1/../../../../arm-atollic-eabi/lib/armv7-m\libc.a(lib_a-init.o)
                                                  Drivers\CMSIS\Device\ST\STM32F1xx\Source\Templates\gcc\startup_stm32f101xb.o
__lshrdi3                                         e:/program/truestudio for arm 6.0.0/armtools/bin/../lib/gcc/arm-atollic-eabi/5.3.1/armv7-m\libgcc.a(_lshrdi3.o)
__malloc_av_                                      e:/program/truestudio for arm 6.0.0/armtools/bin/../lib/gcc/arm-atollic-eabi/5.3.1/../../../../arm-atollic-eabi/lib/armv7-m\libc.a(lib_a-mallocr.o)
                                                  e:/program/truestudio for arm 6.0.0/armtools/bin/../lib/gcc/arm-atollic-eabi/5.3.1/../../../../arm-atollic-eabi/lib/armv7-m\libc.a(lib_a-freer.o)
__malloc_current_mallinfo                         e:/program/truestudio for arm 6.0.0/armtools/bin/../lib/gcc/arm-atollic-eabi/5.3.1/../../../../arm-atollic-eabi/lib/armv7-m\libc.a(lib_a-mallocr.o)
                                                  e:/program/truestudio for arm 6.0.0/armtools/bin/../lib/gcc/arm-atollic-eabi/5.3.1/../../../../arm-atollic-eabi/lib/armv7-m\libc.a(lib_a-freer.o)
__malloc_lock                                     e:/program/truestudio for arm 6.0.0/armtools/bin/../lib/gcc/arm-atollic-eabi/5.3.1/../../../../arm-atollic-eabi/lib/armv7-m\libc.a(lib_a-mlock.o)
                                                  e:/program/truestudio for arm 6.0.0/armtools/bin/../lib/gcc/arm-atollic-eabi/5.3.1/../../../../arm-atollic-eabi/lib/armv7-m\libc.a(lib_a-mallocr.o)
                                                  e:/program/truestudio for arm 6.0.0/armtools/bin/../lib/gcc/arm-atollic-eabi/5.3.1/../../../../arm-atollic-eabi/lib/armv7-m\libc.a(lib_a-freer.o)
__malloc_max_sbrked_mem                           e:/program/truestudio for arm 6.0.0/armtools/bin/../lib/gcc/arm-atollic-eabi/5.3.1/../../../../arm-atollic-eabi/lib/armv7-m\libc.a(lib_a-mallocr.o)
__malloc_max_total_mem                            e:/program/truestudio for arm 6.0.0/armtools/bin/../lib/gcc/arm-atollic-eabi/5.3.1/../../../../arm-atollic-eabi/lib/armv7-m\libc.a(lib_a-mallocr.o)
__malloc_sbrk_base                                e:/program/truestudio for arm 6.0.0/armtools/bin/../lib/gcc/arm-atollic-eabi/5.3.1/../../../../arm-atollic-eabi/lib/armv7-m\libc.a(lib_a-mallocr.o)
                                                  e:/program/truestudio for arm 6.0.0/armtools/bin/../lib/gcc/arm-atollic-eabi/5.3.1/../../../../arm-atollic-eabi/lib/armv7-m\libc.a(lib_a-freer.o)
__malloc_top_pad                                  e:/program/truestudio for arm 6.0.0/armtools/bin/../lib/gcc/arm-atollic-eabi/5.3.1/../../../../arm-atollic-eabi/lib/armv7-m\libc.a(lib_a-mallocr.o)
                                                  e:/program/truestudio for arm 6.0.0/armtools/bin/../lib/gcc/arm-atollic-eabi/5.3.1/../../../../arm-atollic-eabi/lib/armv7-m\libc.a(lib_a-freer.o)
__malloc_trim_threshold                           e:/program/truestudio for arm 6.0.0/armtools/bin/../lib/gcc/arm-atollic-eabi/5.3.1/../../../../arm-atollic-eabi/lib/armv7-m\libc.a(lib_a-mallocr.o)
                                                  e:/program/truestudio for arm 6.0.0/armtools/bin/../lib/gcc/arm-atollic-eabi/5.3.1/../../../../arm-atollic-eabi/lib/armv7-m\libc.a(lib_a-freer.o)
__malloc_unlock                                   e:/program/truestudio for arm 6.0.0/armtools/bin/../lib/gcc/arm-atollic-eabi/5.3.1/../../../../arm-atollic-eabi/lib/armv7-m\libc.a(lib_a-mlock.o)
                                                  e:/program/truestudio for arm 6.0.0/armtools/bin/../lib/gcc/arm-atollic-eabi/5.3.1/../../../../arm-atollic-eabi/lib/armv7-m\libc.a(lib_a-mallocr.o)
                                                  e:/program/truestudio for arm 6.0.0/armtools/bin/../lib/gcc/arm-atollic-eabi/5.3.1/../../../../arm-atollic-eabi/lib/armv7-m\libc.a(lib_a-freer.o)